Last login: Tue May 30 21:34:33 on console
Sreejas-MBP:~ sreejakeesara$ cd Desktop
Sreejas-MBP:Desktop sreejakeesara$ ls
AMTA Rules of Evidence.pdf
BU Course Planner.xlsx
Cracking the Coding Interview - 150 Programming Interview Questions and Solutions 4e Small.pdf
Screen Shot 2017-03-23 at 6.10.36 PM.png
SreejaKeesaraPassport.jpeg
Transcript Preview.pdf
convert-hexadecimal-to-binary-C-.gif
cs112-hw01
cs112-hw01.zip
schema.sql
Sreejas-MBP:Desktop sreejakeesara$ export PATH=${PATH}:/usr/local/mysql/bin
Sreejas-MBP:Desktop sreejakeesara$ ls
AMTA Rules of Evidence.pdf
BU Course Planner.xlsx
Cracking the Coding Interview - 150 Programming Interview Questions and Solutions 4e Small.pdf
Screen Shot 2017-03-23 at 6.10.36 PM.png
SreejaKeesaraPassport.jpeg
Transcript Preview.pdf
convert-hexadecimal-to-binary-C-.gif
cs112-hw01
cs112-hw01.zip
schema.sql
Sreejas-MBP:Desktop sreejakeesara$ mysql -u root -h 127.0.0.1 -p
Enter password: 
Welcome to the MySQL monitor.  Commands end with ; or \g.
Your MySQL connection id is 3
Server version: 5.7.17 MySQL Community Server (GPL)

Copyright (c) 2000, 2016, Oracle and/or its affiliates. All rights reserved.

Oracle is a registered trademark of Oracle Corporation and/or its
affiliates. Other names may be trademarks of their respective
owners.

Type 'help;' or '\h' for help. Type '\c' to clear the current input statement.

mysql> show 
    -> ;
ERROR 1064 (42000): You have an error in your SQL syntax; check the manual that corresponds to your MySQL server version for the right syntax to use near '' at line 1
mysql> show databases;
+--------------------+
| Database           |
+--------------------+
| information_schema |
| Photoshare1        |
| grkgeo             |
| mysql              |
| performance_schema |
| sakila             |
| sys                |
+--------------------+
7 rows in set (0.01 sec)

mysql> source shema.sql
ERROR: 
Failed to open file 'shema.sql', error: 2
mysql> source schema.sql
Query OK, 1 row affected (0.00 sec)

Database changed
Query OK, 0 rows affected, 1 warning (0.00 sec)

Query OK, 0 rows affected, 1 warning (0.00 sec)

Query OK, 0 rows affected, 1 warning (0.00 sec)

Query OK, 0 rows affected, 1 warning (0.00 sec)

Query OK, 0 rows affected, 1 warning (0.01 sec)

Query OK, 0 rows affected, 1 warning (0.00 sec)

Query OK, 0 rows affected, 1 warning (0.00 sec)

Query OK, 0 rows affected, 1 warning (0.00 sec)

Query OK, 0 rows affected, 1 warning (0.00 sec)

Query OK, 0 rows affected (0.04 sec)

ERROR 1064 (42000): You have an error in your SQL syntax; check the manual that corresponds to your MySQL server version for the right syntax to use near 'id int,
  grad_year int,
  FOREIGN KEY (school_id) references school(school_id),' at line 4
Query OK, 0 rows affected (0.02 sec)

ERROR 1215 (HY000): Cannot add foreign key constraint
Query OK, 0 rows affected (0.01 sec)

ERROR 1064 (42000): You have an error in your SQL syntax; check the manual that corresponds to your MySQL server version for the right syntax to use near 'CONSTRAINT trial_pk PRIMARY KEY (trial_id)
)' at line 19
ERROR 1215 (HY000): Cannot add foreign key constraint
ERROR 1215 (HY000): Cannot add foreign key constraint
ERROR 1215 (HY000): Cannot add foreign key constraint
mysql> mysql> 
mysql> source schema.sql
ERROR 1007 (HY000): Can't create database 'bumto'; database exists
Database changed
Query OK, 0 rows affected, 1 warning (0.00 sec)

Query OK, 0 rows affected, 1 warning (0.00 sec)

Query OK, 0 rows affected, 1 warning (0.00 sec)

Query OK, 0 rows affected, 1 warning (0.00 sec)

Query OK, 0 rows affected (0.00 sec)

Query OK, 0 rows affected, 1 warning (0.00 sec)

Query OK, 0 rows affected (0.01 sec)

Query OK, 0 rows affected, 1 warning (0.00 sec)

Query OK, 0 rows affected (0.00 sec)

Query OK, 0 rows affected (0.01 sec)

Query OK, 0 rows affected (0.02 sec)

Query OK, 0 rows affected (0.02 sec)

ERROR 1215 (HY000): Cannot add foreign key constraint
Query OK, 0 rows affected (0.01 sec)

ERROR 1064 (42000): You have an error in your SQL syntax; check the manual that corresponds to your MySQL server version for the right syntax to use near 'CONSTRAINT trial_pk PRIMARY KEY (trial_id)
)' at line 19
ERROR 1215 (HY000): Cannot add foreign key constraint
ERROR 1215 (HY000): Cannot add foreign key constraint
ERROR 1215 (HY000): Cannot add foreign key constraint
mysql> source schema.sql
ERROR 1007 (HY000): Can't create database 'bumto'; database exists
Database changed
Query OK, 0 rows affected, 1 warning (0.00 sec)

Query OK, 0 rows affected, 1 warning (0.00 sec)

Query OK, 0 rows affected, 1 warning (0.00 sec)

Query OK, 0 rows affected, 1 warning (0.00 sec)

Query OK, 0 rows affected (0.00 sec)

Query OK, 0 rows affected, 1 warning (0.00 sec)

Query OK, 0 rows affected (0.01 sec)

Query OK, 0 rows affected (0.00 sec)

Query OK, 0 rows affected (0.00 sec)

Query OK, 0 rows affected (0.02 sec)

Query OK, 0 rows affected (0.01 sec)

Query OK, 0 rows affected (0.01 sec)

ERROR 1215 (HY000): Cannot add foreign key constraint
Query OK, 0 rows affected (0.01 sec)

ERROR 1215 (HY000): Cannot add foreign key constraint
ERROR 1215 (HY000): Cannot add foreign key constraint
ERROR 1215 (HY000): Cannot add foreign key constraint
ERROR 1215 (HY000): Cannot add foreign key constraint
mysql> show tables;
+-----------------+
| Tables_in_bumto |
+-----------------+
| competitor      |
| judge           |
| school          |
| tournament      |
+-----------------+
4 rows in set (0.00 sec)

mysql> source schema.sql
ERROR 1007 (HY000): Can't create database 'bumto'; database exists
Database changed
Query OK, 0 rows affected, 1 warning (0.00 sec)

Query OK, 0 rows affected, 1 warning (0.00 sec)

Query OK, 0 rows affected, 1 warning (0.01 sec)

Query OK, 0 rows affected, 1 warning (0.00 sec)

Query OK, 0 rows affected (0.00 sec)

Query OK, 0 rows affected, 1 warning (0.00 sec)

Query OK, 0 rows affected (0.00 sec)

Query OK, 0 rows affected (0.00 sec)

Query OK, 0 rows affected (0.01 sec)

Query OK, 0 rows affected (0.01 sec)

Query OK, 0 rows affected (0.01 sec)

Query OK, 0 rows affected (0.02 sec)

Query OK, 0 rows affected (0.01 sec)

Query OK, 0 rows affected (0.01 sec)

Query OK, 0 rows affected (0.02 sec)

Query OK, 0 rows affected (0.02 sec)

Query OK, 0 rows affected (0.01 sec)

Query OK, 0 rows affected (0.01 sec)

mysql> show tables;
+-----------------+
| Tables_in_bumto |
+-----------------+
| comment         |
| competitor      |
| judge           |
| member          |
| school          |
| score           |
| team            |
| tournament      |
| trial           |
+-----------------+
9 rows in set (0.00 sec)

mysql> describe score;
+-------------+----------------------------+------+-----+---------+-------+
| Field       | Type                       | Null | Key | Default | Extra |
+-------------+----------------------------+------+-----+---------+-------+
| student_id  | int(11)                    | NO   | PRI | NULL    |       |
| trial_id    | int(11)                    | NO   | PRI | NULL    |       |
| role        | enum('Attorney','Witness') | YES  |     | NULL    |       |
| role_name   | varchar(255)               | YES  |     | NULL    |       |
| score_title | varchar(255)               | NO   | PRI | NULL    |       |
| score       | int(11)                    | YES  |     | NULL    |       |
| judge_id    | int(11)                    | NO   | PRI | NULL    |       |
+-------------+----------------------------+------+-----+---------+-------+
7 rows in set (0.02 sec)

mysql> describe team;
+---------------+---------+------+-----+---------+----------------+
| Field         | Type    | Null | Key | Default | Extra          |
+---------------+---------+------+-----+---------+----------------+
| team_id       | int(11) | NO   | PRI | NULL    | auto_increment |
| school_id     | int(11) | NO   | PRI | NULL    |                |
| tournament_id | int(11) | NO   | PRI | NULL    |                |
| compete_date  | date    | NO   | PRI | NULL    |                |
+---------------+---------+------+-----+---------+----------------+
4 rows in set (0.00 sec)

mysql> source schema.sql
ERROR 1007 (HY000): Can't create database 'bumto'; database exists
Database changed
Query OK, 0 rows affected (0.00 sec)

Query OK, 0 rows affected (0.01 sec)

Query OK, 0 rows affected (0.00 sec)

Query OK, 0 rows affected (0.00 sec)

Query OK, 0 rows affected (0.01 sec)

Query OK, 0 rows affected (0.00 sec)

Query OK, 0 rows affected (0.00 sec)

Query OK, 0 rows affected (0.00 sec)

Query OK, 0 rows affected (0.00 sec)

Query OK, 0 rows affected (0.02 sec)

Query OK, 0 rows affected (0.01 sec)

Query OK, 0 rows affected (0.01 sec)

ERROR 1072 (42000): Key column 'compete_date' doesn't exist in table
Query OK, 0 rows affected (0.02 sec)

ERROR 1215 (HY000): Cannot add foreign key constraint
ERROR 1215 (HY000): Cannot add foreign key constraint
ERROR 1215 (HY000): Cannot add foreign key constraint
ERROR 1215 (HY000): Cannot add foreign key constraint
mysql> source schema.sql
ERROR 1007 (HY000): Can't create database 'bumto'; database exists
Database changed
Query OK, 0 rows affected, 1 warning (0.01 sec)

Query OK, 0 rows affected, 1 warning (0.00 sec)

Query OK, 0 rows affected, 1 warning (0.00 sec)

Query OK, 0 rows affected, 1 warning (0.00 sec)

Query OK, 0 rows affected (0.00 sec)

Query OK, 0 rows affected, 1 warning (0.00 sec)

Query OK, 0 rows affected (0.00 sec)

Query OK, 0 rows affected (0.01 sec)

Query OK, 0 rows affected (0.00 sec)

Query OK, 0 rows affected (0.01 sec)

Query OK, 0 rows affected (0.02 sec)

Query OK, 0 rows affected (0.01 sec)

Query OK, 0 rows affected (0.01 sec)

Query OK, 0 rows affected (0.02 sec)

Query OK, 0 rows affected (0.01 sec)

Query OK, 0 rows affected (0.01 sec)

Query OK, 0 rows affected (0.02 sec)

Query OK, 0 rows affected (0.01 sec)

mysql> source schema.sql
ERROR 1007 (HY000): Can't create database 'bumto'; database exists
Database changed
Query OK, 0 rows affected (0.01 sec)

Query OK, 0 rows affected (0.00 sec)

Query OK, 0 rows affected (0.00 sec)

Query OK, 0 rows affected (0.01 sec)

Query OK, 0 rows affected (0.00 sec)

Query OK, 0 rows affected (0.00 sec)

Query OK, 0 rows affected (0.00 sec)

Query OK, 0 rows affected (0.00 sec)

Query OK, 0 rows affected (0.01 sec)

Query OK, 0 rows affected (0.01 sec)

Query OK, 0 rows affected (0.02 sec)

Query OK, 0 rows affected (0.01 sec)

Query OK, 0 rows affected (0.02 sec)

Query OK, 0 rows affected (0.01 sec)

Query OK, 0 rows affected (0.03 sec)

Query OK, 0 rows affected (0.02 sec)

Query OK, 0 rows affected (0.02 sec)

Query OK, 0 rows affected (0.01 sec)

mysql> show tables;
+-----------------+
| Tables_in_bumto |
+-----------------+
| comment         |
| competitor      |
| judge           |
| member          |
| school          |
| score           |
| team            |
| tournament      |
| trial           |
+-----------------+
9 rows in set (0.00 sec)

mysql> source schema.sql
ERROR 1007 (HY000): Can't create database 'bumto'; database exists
Database changed
Query OK, 0 rows affected (0.01 sec)

Query OK, 0 rows affected (0.00 sec)

Query OK, 0 rows affected (0.00 sec)

Query OK, 0 rows affected (0.01 sec)

Query OK, 0 rows affected (0.00 sec)

Query OK, 0 rows affected (0.00 sec)

Query OK, 0 rows affected (0.00 sec)

Query OK, 0 rows affected (0.01 sec)

Query OK, 0 rows affected (0.00 sec)

Query OK, 0 rows affected (0.01 sec)

Query OK, 0 rows affected (0.01 sec)

Query OK, 0 rows affected (0.02 sec)

Query OK, 0 rows affected (0.01 sec)

Query OK, 0 rows affected (0.02 sec)

Query OK, 0 rows affected (0.02 sec)

Query OK, 0 rows affected (0.01 sec)

Query OK, 0 rows affected (0.02 sec)

Query OK, 0 rows affected (0.01 sec)

mysql> source insertions1.sql;
ERROR 1054 (42S22): Unknown column 'name' in 'field list'
ERROR 1054 (42S22): Unknown column 'name' in 'field list'
ERROR 1054 (42S22): Unknown column 'name' in 'field list'
ERROR 1452 (23000): Cannot add or update a child row: a foreign key constraint fails (`bumto`.`competitor`, CONSTRAINT `competitor_ibfk_1` FOREIGN KEY (`school_id`) REFERENCES `school` (`school_id`))
ERROR 1452 (23000): Cannot add or update a child row: a foreign key constraint fails (`bumto`.`competitor`, CONSTRAINT `competitor_ibfk_1` FOREIGN KEY (`school_id`) REFERENCES `school` (`school_id`))
ERROR 1452 (23000): Cannot add or update a child row: a foreign key constraint fails (`bumto`.`competitor`, CONSTRAINT `competitor_ibfk_1` FOREIGN KEY (`school_id`) REFERENCES `school` (`school_id`))
ERROR 1452 (23000): Cannot add or update a child row: a foreign key constraint fails (`bumto`.`competitor`, CONSTRAINT `competitor_ibfk_1` FOREIGN KEY (`school_id`) REFERENCES `school` (`school_id`))
ERROR 1452 (23000): Cannot add or update a child row: a foreign key constraint fails (`bumto`.`competitor`, CONSTRAINT `competitor_ibfk_1` FOREIGN KEY (`school_id`) REFERENCES `school` (`school_id`))
ERROR 1452 (23000): Cannot add or update a child row: a foreign key constraint fails (`bumto`.`competitor`, CONSTRAINT `competitor_ibfk_1` FOREIGN KEY (`school_id`) REFERENCES `school` (`school_id`))
ERROR 1452 (23000): Cannot add or update a child row: a foreign key constraint fails (`bumto`.`competitor`, CONSTRAINT `competitor_ibfk_1` FOREIGN KEY (`school_id`) REFERENCES `school` (`school_id`))
ERROR 1452 (23000): Cannot add or update a child row: a foreign key constraint fails (`bumto`.`competitor`, CONSTRAINT `competitor_ibfk_1` FOREIGN KEY (`school_id`) REFERENCES `school` (`school_id`))
ERROR 1452 (23000): Cannot add or update a child row: a foreign key constraint fails (`bumto`.`competitor`, CONSTRAINT `competitor_ibfk_1` FOREIGN KEY (`school_id`) REFERENCES `school` (`school_id`))
ERROR 1452 (23000): Cannot add or update a child row: a foreign key constraint fails (`bumto`.`competitor`, CONSTRAINT `competitor_ibfk_1` FOREIGN KEY (`school_id`) REFERENCES `school` (`school_id`))
ERROR 1452 (23000): Cannot add or update a child row: a foreign key constraint fails (`bumto`.`competitor`, CONSTRAINT `competitor_ibfk_1` FOREIGN KEY (`school_id`) REFERENCES `school` (`school_id`))
ERROR 1452 (23000): Cannot add or update a child row: a foreign key constraint fails (`bumto`.`competitor`, CONSTRAINT `competitor_ibfk_1` FOREIGN KEY (`school_id`) REFERENCES `school` (`school_id`))
ERROR 1452 (23000): Cannot add or update a child row: a foreign key constraint fails (`bumto`.`tournament`, CONSTRAINT `tournament_ibfk_1` FOREIGN KEY (`host_school`) REFERENCES `school` (`school_id`))
ERROR 1452 (23000): Cannot add or update a child row: a foreign key constraint fails (`bumto`.`team`, CONSTRAINT `team_ibfk_1` FOREIGN KEY (`school_id`) REFERENCES `school` (`school_id`))
Query OK, 1 row affected (0.00 sec)

Query OK, 1 row affected (0.00 sec)

Query OK, 1 row affected (0.00 sec)

ERROR 1452 (23000): Cannot add or update a child row: a foreign key constraint fails (`bumto`.`trial`, CONSTRAINT `trial_ibfk_1` FOREIGN KEY (`plaintiff_id`) REFERENCES `team` (`team_id`))
ERROR 1452 (23000): Cannot add or update a child row: a foreign key constraint fails (`bumto`.`score`, CONSTRAINT `score_ibfk_1` FOREIGN KEY (`student_id`) REFERENCES `competitor` (`student_id`))
ERROR 1452 (23000): Cannot add or update a child row: a foreign key constraint fails (`bumto`.`score`, CONSTRAINT `score_ibfk_1` FOREIGN KEY (`student_id`) REFERENCES `competitor` (`student_id`))
ERROR 1452 (23000): Cannot add or update a child row: a foreign key constraint fails (`bumto`.`score`, CONSTRAINT `score_ibfk_1` FOREIGN KEY (`student_id`) REFERENCES `competitor` (`student_id`))
ERROR 1452 (23000): Cannot add or update a child row: a foreign key constraint fails (`bumto`.`score`, CONSTRAINT `score_ibfk_1` FOREIGN KEY (`student_id`) REFERENCES `competitor` (`student_id`))
ERROR 1452 (23000): Cannot add or update a child row: a foreign key constraint fails (`bumto`.`score`, CONSTRAINT `score_ibfk_1` FOREIGN KEY (`student_id`) REFERENCES `competitor` (`student_id`))
ERROR 1452 (23000): Cannot add or update a child row: a foreign key constraint fails (`bumto`.`score`, CONSTRAINT `score_ibfk_1` FOREIGN KEY (`student_id`) REFERENCES `competitor` (`student_id`))
ERROR 1452 (23000): Cannot add or update a child row: a foreign key constraint fails (`bumto`.`score`, CONSTRAINT `score_ibfk_1` FOREIGN KEY (`student_id`) REFERENCES `competitor` (`student_id`))
ERROR 1452 (23000): Cannot add or update a child row: a foreign key constraint fails (`bumto`.`score`, CONSTRAINT `score_ibfk_1` FOREIGN KEY (`student_id`) REFERENCES `competitor` (`student_id`))
ERROR 1452 (23000): Cannot add or update a child row: a foreign key constraint fails (`bumto`.`score`, CONSTRAINT `score_ibfk_1` FOREIGN KEY (`student_id`) REFERENCES `competitor` (`student_id`))
ERROR 1452 (23000): Cannot add or update a child row: a foreign key constraint fails (`bumto`.`score`, CONSTRAINT `score_ibfk_1` FOREIGN KEY (`student_id`) REFERENCES `competitor` (`student_id`))
ERROR 1452 (23000): Cannot add or update a child row: a foreign key constraint fails (`bumto`.`score`, CONSTRAINT `score_ibfk_1` FOREIGN KEY (`student_id`) REFERENCES `competitor` (`student_id`))
ERROR 1452 (23000): Cannot add or update a child row: a foreign key constraint fails (`bumto`.`score`, CONSTRAINT `score_ibfk_1` FOREIGN KEY (`student_id`) REFERENCES `competitor` (`student_id`))
ERROR 1452 (23000): Cannot add or update a child row: a foreign key constraint fails (`bumto`.`score`, CONSTRAINT `score_ibfk_1` FOREIGN KEY (`student_id`) REFERENCES `competitor` (`student_id`))
ERROR 1452 (23000): Cannot add or update a child row: a foreign key constraint fails (`bumto`.`score`, CONSTRAINT `score_ibfk_1` FOREIGN KEY (`student_id`) REFERENCES `competitor` (`student_id`))
ERROR 1136 (21S01): Column count doesn't match value count at row 1
ERROR 1136 (21S01): Column count doesn't match value count at row 1
ERROR 1452 (23000): Cannot add or update a child row: a foreign key constraint fails (`bumto`.`score`, CONSTRAINT `score_ibfk_1` FOREIGN KEY (`student_id`) REFERENCES `competitor` (`student_id`))
ERROR 1452 (23000): Cannot add or update a child row: a foreign key constraint fails (`bumto`.`score`, CONSTRAINT `score_ibfk_1` FOREIGN KEY (`student_id`) REFERENCES `competitor` (`student_id`))
ERROR 1452 (23000): Cannot add or update a child row: a foreign key constraint fails (`bumto`.`score`, CONSTRAINT `score_ibfk_1` FOREIGN KEY (`student_id`) REFERENCES `competitor` (`student_id`))
ERROR 1452 (23000): Cannot add or update a child row: a foreign key constraint fails (`bumto`.`score`, CONSTRAINT `score_ibfk_1` FOREIGN KEY (`student_id`) REFERENCES `competitor` (`student_id`))
ERROR 1452 (23000): Cannot add or update a child row: a foreign key constraint fails (`bumto`.`score`, CONSTRAINT `score_ibfk_1` FOREIGN KEY (`student_id`) REFERENCES `competitor` (`student_id`))
ERROR 1452 (23000): Cannot add or update a child row: a foreign key constraint fails (`bumto`.`score`, CONSTRAINT `score_ibfk_1` FOREIGN KEY (`student_id`) REFERENCES `competitor` (`student_id`))
ERROR 1452 (23000): Cannot add or update a child row: a foreign key constraint fails (`bumto`.`score`, CONSTRAINT `score_ibfk_1` FOREIGN KEY (`student_id`) REFERENCES `competitor` (`student_id`))
ERROR 1452 (23000): Cannot add or update a child row: a foreign key constraint fails (`bumto`.`score`, CONSTRAINT `score_ibfk_1` FOREIGN KEY (`student_id`) REFERENCES `competitor` (`student_id`))
ERROR 1452 (23000): Cannot add or update a child row: a foreign key constraint fails (`bumto`.`score`, CONSTRAINT `score_ibfk_1` FOREIGN KEY (`student_id`) REFERENCES `competitor` (`student_id`))
ERROR 1452 (23000): Cannot add or update a child row: a foreign key constraint fails (`bumto`.`score`, CONSTRAINT `score_ibfk_1` FOREIGN KEY (`student_id`) REFERENCES `competitor` (`student_id`))
ERROR 1452 (23000): Cannot add or update a child row: a foreign key constraint fails (`bumto`.`score`, CONSTRAINT `score_ibfk_1` FOREIGN KEY (`student_id`) REFERENCES `competitor` (`student_id`))
ERROR 1452 (23000): Cannot add or update a child row: a foreign key constraint fails (`bumto`.`score`, CONSTRAINT `score_ibfk_1` FOREIGN KEY (`student_id`) REFERENCES `competitor` (`student_id`))
ERROR 1452 (23000): Cannot add or update a child row: a foreign key constraint fails (`bumto`.`score`, CONSTRAINT `score_ibfk_1` FOREIGN KEY (`student_id`) REFERENCES `competitor` (`student_id`))
ERROR 1452 (23000): Cannot add or update a child row: a foreign key constraint fails (`bumto`.`score`, CONSTRAINT `score_ibfk_1` FOREIGN KEY (`student_id`) REFERENCES `competitor` (`student_id`))
ERROR 1452 (23000): Cannot add or update a child row: a foreign key constraint fails (`bumto`.`score`, CONSTRAINT `score_ibfk_1` FOREIGN KEY (`student_id`) REFERENCES `competitor` (`student_id`))
ERROR 1452 (23000): Cannot add or update a child row: a foreign key constraint fails (`bumto`.`score`, CONSTRAINT `score_ibfk_1` FOREIGN KEY (`student_id`) REFERENCES `competitor` (`student_id`))
ERROR 1452 (23000): Cannot add or update a child row: a foreign key constraint fails (`bumto`.`score`, CONSTRAINT `score_ibfk_1` FOREIGN KEY (`student_id`) REFERENCES `competitor` (`student_id`))
ERROR 1452 (23000): Cannot add or update a child row: a foreign key constraint fails (`bumto`.`score`, CONSTRAINT `score_ibfk_1` FOREIGN KEY (`student_id`) REFERENCES `competitor` (`student_id`))
ERROR 1452 (23000): Cannot add or update a child row: a foreign key constraint fails (`bumto`.`score`, CONSTRAINT `score_ibfk_1` FOREIGN KEY (`student_id`) REFERENCES `competitor` (`student_id`))
ERROR 1452 (23000): Cannot add or update a child row: a foreign key constraint fails (`bumto`.`score`, CONSTRAINT `score_ibfk_1` FOREIGN KEY (`student_id`) REFERENCES `competitor` (`student_id`))
ERROR 1452 (23000): Cannot add or update a child row: a foreign key constraint fails (`bumto`.`score`, CONSTRAINT `score_ibfk_1` FOREIGN KEY (`student_id`) REFERENCES `competitor` (`student_id`))
ERROR 1452 (23000): Cannot add or update a child row: a foreign key constraint fails (`bumto`.`score`, CONSTRAINT `score_ibfk_1` FOREIGN KEY (`student_id`) REFERENCES `competitor` (`student_id`))
ERROR 1452 (23000): Cannot add or update a child row: a foreign key constraint fails (`bumto`.`score`, CONSTRAINT `score_ibfk_1` FOREIGN KEY (`student_id`) REFERENCES `competitor` (`student_id`))
ERROR 1452 (23000): Cannot add or update a child row: a foreign key constraint fails (`bumto`.`score`, CONSTRAINT `score_ibfk_1` FOREIGN KEY (`student_id`) REFERENCES `competitor` (`student_id`))
ERROR 1452 (23000): Cannot add or update a child row: a foreign key constraint fails (`bumto`.`score`, CONSTRAINT `score_ibfk_1` FOREIGN KEY (`student_id`) REFERENCES `competitor` (`student_id`))
ERROR 1452 (23000): Cannot add or update a child row: a foreign key constraint fails (`bumto`.`score`, CONSTRAINT `score_ibfk_1` FOREIGN KEY (`student_id`) REFERENCES `competitor` (`student_id`))
ERROR 1136 (21S01): Column count doesn't match value count at row 1
ERROR 1136 (21S01): Column count doesn't match value count at row 1
ERROR 1452 (23000): Cannot add or update a child row: a foreign key constraint fails (`bumto`.`score`, CONSTRAINT `score_ibfk_1` FOREIGN KEY (`student_id`) REFERENCES `competitor` (`student_id`))
ERROR 1452 (23000): Cannot add or update a child row: a foreign key constraint fails (`bumto`.`score`, CONSTRAINT `score_ibfk_1` FOREIGN KEY (`student_id`) REFERENCES `competitor` (`student_id`))
ERROR 1452 (23000): Cannot add or update a child row: a foreign key constraint fails (`bumto`.`score`, CONSTRAINT `score_ibfk_1` FOREIGN KEY (`student_id`) REFERENCES `competitor` (`student_id`))
ERROR 1452 (23000): Cannot add or update a child row: a foreign key constraint fails (`bumto`.`score`, CONSTRAINT `score_ibfk_1` FOREIGN KEY (`student_id`) REFERENCES `competitor` (`student_id`))
ERROR 1452 (23000): Cannot add or update a child row: a foreign key constraint fails (`bumto`.`score`, CONSTRAINT `score_ibfk_1` FOREIGN KEY (`student_id`) REFERENCES `competitor` (`student_id`))
ERROR 1452 (23000): Cannot add or update a child row: a foreign key constraint fails (`bumto`.`score`, CONSTRAINT `score_ibfk_1` FOREIGN KEY (`student_id`) REFERENCES `competitor` (`student_id`))
ERROR 1452 (23000): Cannot add or update a child row: a foreign key constraint fails (`bumto`.`score`, CONSTRAINT `score_ibfk_1` FOREIGN KEY (`student_id`) REFERENCES `competitor` (`student_id`))
ERROR 1452 (23000): Cannot add or update a child row: a foreign key constraint fails (`bumto`.`score`, CONSTRAINT `score_ibfk_1` FOREIGN KEY (`student_id`) REFERENCES `competitor` (`student_id`))
ERROR 1452 (23000): Cannot add or update a child row: a foreign key constraint fails (`bumto`.`score`, CONSTRAINT `score_ibfk_1` FOREIGN KEY (`student_id`) REFERENCES `competitor` (`student_id`))
ERROR 1452 (23000): Cannot add or update a child row: a foreign key constraint fails (`bumto`.`score`, CONSTRAINT `score_ibfk_1` FOREIGN KEY (`student_id`) REFERENCES `competitor` (`student_id`))
ERROR 1452 (23000): Cannot add or update a child row: a foreign key constraint fails (`bumto`.`score`, CONSTRAINT `score_ibfk_1` FOREIGN KEY (`student_id`) REFERENCES `competitor` (`student_id`))
ERROR 1452 (23000): Cannot add or update a child row: a foreign key constraint fails (`bumto`.`score`, CONSTRAINT `score_ibfk_1` FOREIGN KEY (`student_id`) REFERENCES `competitor` (`student_id`))
ERROR 1452 (23000): Cannot add or update a child row: a foreign key constraint fails (`bumto`.`member`, CONSTRAINT `member_ibfk_1` FOREIGN KEY (`team_id`) REFERENCES `team` (`team_id`))
ERROR 1452 (23000): Cannot add or update a child row: a foreign key constraint fails (`bumto`.`member`, CONSTRAINT `member_ibfk_1` FOREIGN KEY (`team_id`) REFERENCES `team` (`team_id`))
ERROR 1452 (23000): Cannot add or update a child row: a foreign key constraint fails (`bumto`.`member`, CONSTRAINT `member_ibfk_1` FOREIGN KEY (`team_id`) REFERENCES `team` (`team_id`))
ERROR 1452 (23000): Cannot add or update a child row: a foreign key constraint fails (`bumto`.`member`, CONSTRAINT `member_ibfk_1` FOREIGN KEY (`team_id`) REFERENCES `team` (`team_id`))
ERROR 1452 (23000): Cannot add or update a child row: a foreign key constraint fails (`bumto`.`member`, CONSTRAINT `member_ibfk_1` FOREIGN KEY (`team_id`) REFERENCES `team` (`team_id`))
ERROR 1452 (23000): Cannot add or update a child row: a foreign key constraint fails (`bumto`.`member`, CONSTRAINT `member_ibfk_1` FOREIGN KEY (`team_id`) REFERENCES `team` (`team_id`))
ERROR 1452 (23000): Cannot add or update a child row: a foreign key constraint fails (`bumto`.`member`, CONSTRAINT `member_ibfk_1` FOREIGN KEY (`team_id`) REFERENCES `team` (`team_id`))
ERROR 1452 (23000): Cannot add or update a child row: a foreign key constraint fails (`bumto`.`member`, CONSTRAINT `member_ibfk_1` FOREIGN KEY (`team_id`) REFERENCES `team` (`team_id`))
ERROR 1452 (23000): Cannot add or update a child row: a foreign key constraint fails (`bumto`.`member`, CONSTRAINT `member_ibfk_1` FOREIGN KEY (`team_id`) REFERENCES `team` (`team_id`))
ERROR 1452 (23000): Cannot add or update a child row: a foreign key constraint fails (`bumto`.`member`, CONSTRAINT `member_ibfk_1` FOREIGN KEY (`team_id`) REFERENCES `team` (`team_id`))
ERROR 1452 (23000): Cannot add or update a child row: a foreign key constraint fails (`bumto`.`member`, CONSTRAINT `member_ibfk_1` FOREIGN KEY (`team_id`) REFERENCES `team` (`team_id`))
ERROR 1452 (23000): Cannot add or update a child row: a foreign key constraint fails (`bumto`.`member`, CONSTRAINT `member_ibfk_1` FOREIGN KEY (`team_id`) REFERENCES `team` (`team_id`))
mysql> source insertions1.sql;
Query OK, 1 row affected (0.01 sec)

Query OK, 1 row affected (0.00 sec)

Query OK, 1 row affected (0.00 sec)

Query OK, 1 row affected (0.00 sec)

Query OK, 1 row affected (0.00 sec)

Query OK, 1 row affected (0.00 sec)

Query OK, 1 row affected (0.00 sec)

Query OK, 1 row affected (0.00 sec)

Query OK, 1 row affected (0.01 sec)

Query OK, 1 row affected (0.00 sec)

Query OK, 1 row affected (0.00 sec)

Query OK, 1 row affected (0.00 sec)

Query OK, 1 row affected (0.00 sec)

Query OK, 1 row affected (0.01 sec)

Query OK, 1 row affected (0.00 sec)

Query OK, 1 row affected (0.00 sec)

ERROR 1452 (23000): Cannot add or update a child row: a foreign key constraint fails (`bumto`.`team`, CONSTRAINT `team_ibfk_2` FOREIGN KEY (`tournament_id`) REFERENCES `tournament` (`tournament_id`))
Query OK, 1 row affected (0.00 sec)

Query OK, 1 row affected (0.00 sec)

Query OK, 1 row affected (0.00 sec)

ERROR 1452 (23000): Cannot add or update a child row: a foreign key constraint fails (`bumto`.`trial`, CONSTRAINT `trial_ibfk_1` FOREIGN KEY (`plaintiff_id`) REFERENCES `team` (`team_id`))
ERROR 1452 (23000): Cannot add or update a child row: a foreign key constraint fails (`bumto`.`score`, CONSTRAINT `score_ibfk_1` FOREIGN KEY (`student_id`) REFERENCES `competitor` (`student_id`))
ERROR 1452 (23000): Cannot add or update a child row: a foreign key constraint fails (`bumto`.`score`, CONSTRAINT `score_ibfk_1` FOREIGN KEY (`student_id`) REFERENCES `competitor` (`student_id`))
ERROR 1452 (23000): Cannot add or update a child row: a foreign key constraint fails (`bumto`.`score`, CONSTRAINT `score_ibfk_1` FOREIGN KEY (`student_id`) REFERENCES `competitor` (`student_id`))
ERROR 1452 (23000): Cannot add or update a child row: a foreign key constraint fails (`bumto`.`score`, CONSTRAINT `score_ibfk_1` FOREIGN KEY (`student_id`) REFERENCES `competitor` (`student_id`))
ERROR 1452 (23000): Cannot add or update a child row: a foreign key constraint fails (`bumto`.`score`, CONSTRAINT `score_ibfk_1` FOREIGN KEY (`student_id`) REFERENCES `competitor` (`student_id`))
ERROR 1452 (23000): Cannot add or update a child row: a foreign key constraint fails (`bumto`.`score`, CONSTRAINT `score_ibfk_1` FOREIGN KEY (`student_id`) REFERENCES `competitor` (`student_id`))
ERROR 1452 (23000): Cannot add or update a child row: a foreign key constraint fails (`bumto`.`score`, CONSTRAINT `score_ibfk_1` FOREIGN KEY (`student_id`) REFERENCES `competitor` (`student_id`))
ERROR 1452 (23000): Cannot add or update a child row: a foreign key constraint fails (`bumto`.`score`, CONSTRAINT `score_ibfk_1` FOREIGN KEY (`student_id`) REFERENCES `competitor` (`student_id`))
ERROR 1452 (23000): Cannot add or update a child row: a foreign key constraint fails (`bumto`.`score`, CONSTRAINT `score_ibfk_1` FOREIGN KEY (`student_id`) REFERENCES `competitor` (`student_id`))
ERROR 1452 (23000): Cannot add or update a child row: a foreign key constraint fails (`bumto`.`score`, CONSTRAINT `score_ibfk_1` FOREIGN KEY (`student_id`) REFERENCES `competitor` (`student_id`))
ERROR 1452 (23000): Cannot add or update a child row: a foreign key constraint fails (`bumto`.`score`, CONSTRAINT `score_ibfk_1` FOREIGN KEY (`student_id`) REFERENCES `competitor` (`student_id`))
ERROR 1452 (23000): Cannot add or update a child row: a foreign key constraint fails (`bumto`.`score`, CONSTRAINT `score_ibfk_1` FOREIGN KEY (`student_id`) REFERENCES `competitor` (`student_id`))
ERROR 1452 (23000): Cannot add or update a child row: a foreign key constraint fails (`bumto`.`score`, CONSTRAINT `score_ibfk_1` FOREIGN KEY (`student_id`) REFERENCES `competitor` (`student_id`))
ERROR 1452 (23000): Cannot add or update a child row: a foreign key constraint fails (`bumto`.`score`, CONSTRAINT `score_ibfk_1` FOREIGN KEY (`student_id`) REFERENCES `competitor` (`student_id`))
ERROR 1136 (21S01): Column count doesn't match value count at row 1
ERROR 1136 (21S01): Column count doesn't match value count at row 1
ERROR 1452 (23000): Cannot add or update a child row: a foreign key constraint fails (`bumto`.`score`, CONSTRAINT `score_ibfk_1` FOREIGN KEY (`student_id`) REFERENCES `competitor` (`student_id`))
ERROR 1452 (23000): Cannot add or update a child row: a foreign key constraint fails (`bumto`.`score`, CONSTRAINT `score_ibfk_1` FOREIGN KEY (`student_id`) REFERENCES `competitor` (`student_id`))
ERROR 1452 (23000): Cannot add or update a child row: a foreign key constraint fails (`bumto`.`score`, CONSTRAINT `score_ibfk_1` FOREIGN KEY (`student_id`) REFERENCES `competitor` (`student_id`))
ERROR 1452 (23000): Cannot add or update a child row: a foreign key constraint fails (`bumto`.`score`, CONSTRAINT `score_ibfk_1` FOREIGN KEY (`student_id`) REFERENCES `competitor` (`student_id`))
ERROR 1452 (23000): Cannot add or update a child row: a foreign key constraint fails (`bumto`.`score`, CONSTRAINT `score_ibfk_1` FOREIGN KEY (`student_id`) REFERENCES `competitor` (`student_id`))
ERROR 1452 (23000): Cannot add or update a child row: a foreign key constraint fails (`bumto`.`score`, CONSTRAINT `score_ibfk_1` FOREIGN KEY (`student_id`) REFERENCES `competitor` (`student_id`))
ERROR 1452 (23000): Cannot add or update a child row: a foreign key constraint fails (`bumto`.`score`, CONSTRAINT `score_ibfk_1` FOREIGN KEY (`student_id`) REFERENCES `competitor` (`student_id`))
ERROR 1452 (23000): Cannot add or update a child row: a foreign key constraint fails (`bumto`.`score`, CONSTRAINT `score_ibfk_1` FOREIGN KEY (`student_id`) REFERENCES `competitor` (`student_id`))
ERROR 1452 (23000): Cannot add or update a child row: a foreign key constraint fails (`bumto`.`score`, CONSTRAINT `score_ibfk_1` FOREIGN KEY (`student_id`) REFERENCES `competitor` (`student_id`))
ERROR 1452 (23000): Cannot add or update a child row: a foreign key constraint fails (`bumto`.`score`, CONSTRAINT `score_ibfk_1` FOREIGN KEY (`student_id`) REFERENCES `competitor` (`student_id`))
ERROR 1452 (23000): Cannot add or update a child row: a foreign key constraint fails (`bumto`.`score`, CONSTRAINT `score_ibfk_1` FOREIGN KEY (`student_id`) REFERENCES `competitor` (`student_id`))
ERROR 1452 (23000): Cannot add or update a child row: a foreign key constraint fails (`bumto`.`score`, CONSTRAINT `score_ibfk_1` FOREIGN KEY (`student_id`) REFERENCES `competitor` (`student_id`))
ERROR 1452 (23000): Cannot add or update a child row: a foreign key constraint fails (`bumto`.`score`, CONSTRAINT `score_ibfk_1` FOREIGN KEY (`student_id`) REFERENCES `competitor` (`student_id`))
ERROR 1452 (23000): Cannot add or update a child row: a foreign key constraint fails (`bumto`.`score`, CONSTRAINT `score_ibfk_1` FOREIGN KEY (`student_id`) REFERENCES `competitor` (`student_id`))
ERROR 1452 (23000): Cannot add or update a child row: a foreign key constraint fails (`bumto`.`score`, CONSTRAINT `score_ibfk_1` FOREIGN KEY (`student_id`) REFERENCES `competitor` (`student_id`))
ERROR 1452 (23000): Cannot add or update a child row: a foreign key constraint fails (`bumto`.`score`, CONSTRAINT `score_ibfk_1` FOREIGN KEY (`student_id`) REFERENCES `competitor` (`student_id`))
ERROR 1452 (23000): Cannot add or update a child row: a foreign key constraint fails (`bumto`.`score`, CONSTRAINT `score_ibfk_1` FOREIGN KEY (`student_id`) REFERENCES `competitor` (`student_id`))
ERROR 1452 (23000): Cannot add or update a child row: a foreign key constraint fails (`bumto`.`score`, CONSTRAINT `score_ibfk_1` FOREIGN KEY (`student_id`) REFERENCES `competitor` (`student_id`))
ERROR 1452 (23000): Cannot add or update a child row: a foreign key constraint fails (`bumto`.`score`, CONSTRAINT `score_ibfk_1` FOREIGN KEY (`student_id`) REFERENCES `competitor` (`student_id`))
ERROR 1452 (23000): Cannot add or update a child row: a foreign key constraint fails (`bumto`.`score`, CONSTRAINT `score_ibfk_1` FOREIGN KEY (`student_id`) REFERENCES `competitor` (`student_id`))
ERROR 1452 (23000): Cannot add or update a child row: a foreign key constraint fails (`bumto`.`score`, CONSTRAINT `score_ibfk_1` FOREIGN KEY (`student_id`) REFERENCES `competitor` (`student_id`))
ERROR 1452 (23000): Cannot add or update a child row: a foreign key constraint fails (`bumto`.`score`, CONSTRAINT `score_ibfk_1` FOREIGN KEY (`student_id`) REFERENCES `competitor` (`student_id`))
ERROR 1452 (23000): Cannot add or update a child row: a foreign key constraint fails (`bumto`.`score`, CONSTRAINT `score_ibfk_1` FOREIGN KEY (`student_id`) REFERENCES `competitor` (`student_id`))
ERROR 1452 (23000): Cannot add or update a child row: a foreign key constraint fails (`bumto`.`score`, CONSTRAINT `score_ibfk_1` FOREIGN KEY (`student_id`) REFERENCES `competitor` (`student_id`))
ERROR 1452 (23000): Cannot add or update a child row: a foreign key constraint fails (`bumto`.`score`, CONSTRAINT `score_ibfk_1` FOREIGN KEY (`student_id`) REFERENCES `competitor` (`student_id`))
ERROR 1452 (23000): Cannot add or update a child row: a foreign key constraint fails (`bumto`.`score`, CONSTRAINT `score_ibfk_1` FOREIGN KEY (`student_id`) REFERENCES `competitor` (`student_id`))
ERROR 1136 (21S01): Column count doesn't match value count at row 1
ERROR 1136 (21S01): Column count doesn't match value count at row 1
ERROR 1452 (23000): Cannot add or update a child row: a foreign key constraint fails (`bumto`.`score`, CONSTRAINT `score_ibfk_1` FOREIGN KEY (`student_id`) REFERENCES `competitor` (`student_id`))
ERROR 1452 (23000): Cannot add or update a child row: a foreign key constraint fails (`bumto`.`score`, CONSTRAINT `score_ibfk_1` FOREIGN KEY (`student_id`) REFERENCES `competitor` (`student_id`))
ERROR 1452 (23000): Cannot add or update a child row: a foreign key constraint fails (`bumto`.`score`, CONSTRAINT `score_ibfk_1` FOREIGN KEY (`student_id`) REFERENCES `competitor` (`student_id`))
ERROR 1452 (23000): Cannot add or update a child row: a foreign key constraint fails (`bumto`.`score`, CONSTRAINT `score_ibfk_1` FOREIGN KEY (`student_id`) REFERENCES `competitor` (`student_id`))
ERROR 1452 (23000): Cannot add or update a child row: a foreign key constraint fails (`bumto`.`score`, CONSTRAINT `score_ibfk_1` FOREIGN KEY (`student_id`) REFERENCES `competitor` (`student_id`))
ERROR 1452 (23000): Cannot add or update a child row: a foreign key constraint fails (`bumto`.`score`, CONSTRAINT `score_ibfk_1` FOREIGN KEY (`student_id`) REFERENCES `competitor` (`student_id`))
ERROR 1452 (23000): Cannot add or update a child row: a foreign key constraint fails (`bumto`.`score`, CONSTRAINT `score_ibfk_1` FOREIGN KEY (`student_id`) REFERENCES `competitor` (`student_id`))
ERROR 1452 (23000): Cannot add or update a child row: a foreign key constraint fails (`bumto`.`score`, CONSTRAINT `score_ibfk_1` FOREIGN KEY (`student_id`) REFERENCES `competitor` (`student_id`))
ERROR 1452 (23000): Cannot add or update a child row: a foreign key constraint fails (`bumto`.`score`, CONSTRAINT `score_ibfk_1` FOREIGN KEY (`student_id`) REFERENCES `competitor` (`student_id`))
ERROR 1452 (23000): Cannot add or update a child row: a foreign key constraint fails (`bumto`.`score`, CONSTRAINT `score_ibfk_1` FOREIGN KEY (`student_id`) REFERENCES `competitor` (`student_id`))
ERROR 1452 (23000): Cannot add or update a child row: a foreign key constraint fails (`bumto`.`score`, CONSTRAINT `score_ibfk_1` FOREIGN KEY (`student_id`) REFERENCES `competitor` (`student_id`))
ERROR 1452 (23000): Cannot add or update a child row: a foreign key constraint fails (`bumto`.`score`, CONSTRAINT `score_ibfk_1` FOREIGN KEY (`student_id`) REFERENCES `competitor` (`student_id`))
ERROR 1452 (23000): Cannot add or update a child row: a foreign key constraint fails (`bumto`.`member`, CONSTRAINT `member_ibfk_1` FOREIGN KEY (`team_id`) REFERENCES `team` (`team_id`))
ERROR 1452 (23000): Cannot add or update a child row: a foreign key constraint fails (`bumto`.`member`, CONSTRAINT `member_ibfk_1` FOREIGN KEY (`team_id`) REFERENCES `team` (`team_id`))
ERROR 1452 (23000): Cannot add or update a child row: a foreign key constraint fails (`bumto`.`member`, CONSTRAINT `member_ibfk_1` FOREIGN KEY (`team_id`) REFERENCES `team` (`team_id`))
ERROR 1452 (23000): Cannot add or update a child row: a foreign key constraint fails (`bumto`.`member`, CONSTRAINT `member_ibfk_1` FOREIGN KEY (`team_id`) REFERENCES `team` (`team_id`))
ERROR 1452 (23000): Cannot add or update a child row: a foreign key constraint fails (`bumto`.`member`, CONSTRAINT `member_ibfk_1` FOREIGN KEY (`team_id`) REFERENCES `team` (`team_id`))
ERROR 1452 (23000): Cannot add or update a child row: a foreign key constraint fails (`bumto`.`member`, CONSTRAINT `member_ibfk_1` FOREIGN KEY (`team_id`) REFERENCES `team` (`team_id`))
ERROR 1452 (23000): Cannot add or update a child row: a foreign key constraint fails (`bumto`.`member`, CONSTRAINT `member_ibfk_1` FOREIGN KEY (`team_id`) REFERENCES `team` (`team_id`))
ERROR 1452 (23000): Cannot add or update a child row: a foreign key constraint fails (`bumto`.`member`, CONSTRAINT `member_ibfk_1` FOREIGN KEY (`team_id`) REFERENCES `team` (`team_id`))
ERROR 1452 (23000): Cannot add or update a child row: a foreign key constraint fails (`bumto`.`member`, CONSTRAINT `member_ibfk_1` FOREIGN KEY (`team_id`) REFERENCES `team` (`team_id`))
ERROR 1452 (23000): Cannot add or update a child row: a foreign key constraint fails (`bumto`.`member`, CONSTRAINT `member_ibfk_1` FOREIGN KEY (`team_id`) REFERENCES `team` (`team_id`))
ERROR 1452 (23000): Cannot add or update a child row: a foreign key constraint fails (`bumto`.`member`, CONSTRAINT `member_ibfk_1` FOREIGN KEY (`team_id`) REFERENCES `team` (`team_id`))
ERROR 1452 (23000): Cannot add or update a child row: a foreign key constraint fails (`bumto`.`member`, CONSTRAINT `member_ibfk_1` FOREIGN KEY (`team_id`) REFERENCES `team` (`team_id`))
mysql> source schema.sql
ERROR 1007 (HY000): Can't create database 'bumto'; database exists
Database changed
Query OK, 0 rows affected (0.01 sec)

Query OK, 0 rows affected (0.00 sec)

Query OK, 0 rows affected (0.00 sec)

Query OK, 0 rows affected (0.01 sec)

Query OK, 0 rows affected (0.00 sec)

Query OK, 0 rows affected (0.00 sec)

Query OK, 0 rows affected (0.01 sec)

Query OK, 0 rows affected (0.00 sec)

Query OK, 0 rows affected (0.00 sec)

Query OK, 0 rows affected (0.02 sec)

Query OK, 0 rows affected (0.01 sec)

Query OK, 0 rows affected (0.02 sec)

Query OK, 0 rows affected (0.02 sec)

Query OK, 0 rows affected (0.02 sec)

Query OK, 0 rows affected (0.02 sec)

Query OK, 0 rows affected (0.01 sec)

Query OK, 0 rows affected (0.02 sec)

Query OK, 0 rows affected (0.02 sec)

mysql> clear
mysql> source insertions1.sql;
Query OK, 1 row affected (0.00 sec)

Query OK, 1 row affected (0.01 sec)

Query OK, 1 row affected (0.00 sec)

Query OK, 1 row affected (0.00 sec)

Query OK, 1 row affected (0.00 sec)

Query OK, 1 row affected (0.00 sec)

Query OK, 1 row affected (0.00 sec)

Query OK, 1 row affected (0.00 sec)

Query OK, 1 row affected (0.00 sec)

Query OK, 1 row affected (0.00 sec)

Query OK, 1 row affected (0.01 sec)

Query OK, 1 row affected (0.00 sec)

Query OK, 1 row affected (0.00 sec)

Query OK, 1 row affected (0.00 sec)

Query OK, 1 row affected (0.00 sec)

Query OK, 1 row affected (0.00 sec)

Query OK, 1 row affected (0.00 sec)

Query OK, 1 row affected (0.00 sec)

Query OK, 1 row affected (0.00 sec)

Query OK, 1 row affected (0.00 sec)

ERROR 1452 (23000): Cannot add or update a child row: a foreign key constraint fails (`bumto`.`trial`, CONSTRAINT `trial_ibfk_1` FOREIGN KEY (`plaintiff_id`) REFERENCES `team` (`team_id`))
ERROR 1452 (23000): Cannot add or update a child row: a foreign key constraint fails (`bumto`.`score`, CONSTRAINT `score_ibfk_2` FOREIGN KEY (`trial_id`) REFERENCES `trial` (`trial_id`))
ERROR 1452 (23000): Cannot add or update a child row: a foreign key constraint fails (`bumto`.`score`, CONSTRAINT `score_ibfk_2` FOREIGN KEY (`trial_id`) REFERENCES `trial` (`trial_id`))
ERROR 1452 (23000): Cannot add or update a child row: a foreign key constraint fails (`bumto`.`score`, CONSTRAINT `score_ibfk_2` FOREIGN KEY (`trial_id`) REFERENCES `trial` (`trial_id`))
ERROR 1452 (23000): Cannot add or update a child row: a foreign key constraint fails (`bumto`.`score`, CONSTRAINT `score_ibfk_2` FOREIGN KEY (`trial_id`) REFERENCES `trial` (`trial_id`))
ERROR 1452 (23000): Cannot add or update a child row: a foreign key constraint fails (`bumto`.`score`, CONSTRAINT `score_ibfk_2` FOREIGN KEY (`trial_id`) REFERENCES `trial` (`trial_id`))
ERROR 1452 (23000): Cannot add or update a child row: a foreign key constraint fails (`bumto`.`score`, CONSTRAINT `score_ibfk_2` FOREIGN KEY (`trial_id`) REFERENCES `trial` (`trial_id`))
ERROR 1452 (23000): Cannot add or update a child row: a foreign key constraint fails (`bumto`.`score`, CONSTRAINT `score_ibfk_2` FOREIGN KEY (`trial_id`) REFERENCES `trial` (`trial_id`))
ERROR 1452 (23000): Cannot add or update a child row: a foreign key constraint fails (`bumto`.`score`, CONSTRAINT `score_ibfk_2` FOREIGN KEY (`trial_id`) REFERENCES `trial` (`trial_id`))
ERROR 1452 (23000): Cannot add or update a child row: a foreign key constraint fails (`bumto`.`score`, CONSTRAINT `score_ibfk_2` FOREIGN KEY (`trial_id`) REFERENCES `trial` (`trial_id`))
ERROR 1452 (23000): Cannot add or update a child row: a foreign key constraint fails (`bumto`.`score`, CONSTRAINT `score_ibfk_2` FOREIGN KEY (`trial_id`) REFERENCES `trial` (`trial_id`))
ERROR 1452 (23000): Cannot add or update a child row: a foreign key constraint fails (`bumto`.`score`, CONSTRAINT `score_ibfk_2` FOREIGN KEY (`trial_id`) REFERENCES `trial` (`trial_id`))
ERROR 1452 (23000): Cannot add or update a child row: a foreign key constraint fails (`bumto`.`score`, CONSTRAINT `score_ibfk_2` FOREIGN KEY (`trial_id`) REFERENCES `trial` (`trial_id`))
ERROR 1452 (23000): Cannot add or update a child row: a foreign key constraint fails (`bumto`.`score`, CONSTRAINT `score_ibfk_2` FOREIGN KEY (`trial_id`) REFERENCES `trial` (`trial_id`))
ERROR 1452 (23000): Cannot add or update a child row: a foreign key constraint fails (`bumto`.`score`, CONSTRAINT `score_ibfk_2` FOREIGN KEY (`trial_id`) REFERENCES `trial` (`trial_id`))
ERROR 1136 (21S01): Column count doesn't match value count at row 1
ERROR 1136 (21S01): Column count doesn't match value count at row 1
ERROR 1452 (23000): Cannot add or update a child row: a foreign key constraint fails (`bumto`.`score`, CONSTRAINT `score_ibfk_2` FOREIGN KEY (`trial_id`) REFERENCES `trial` (`trial_id`))
ERROR 1452 (23000): Cannot add or update a child row: a foreign key constraint fails (`bumto`.`score`, CONSTRAINT `score_ibfk_2` FOREIGN KEY (`trial_id`) REFERENCES `trial` (`trial_id`))
ERROR 1452 (23000): Cannot add or update a child row: a foreign key constraint fails (`bumto`.`score`, CONSTRAINT `score_ibfk_2` FOREIGN KEY (`trial_id`) REFERENCES `trial` (`trial_id`))
ERROR 1452 (23000): Cannot add or update a child row: a foreign key constraint fails (`bumto`.`score`, CONSTRAINT `score_ibfk_2` FOREIGN KEY (`trial_id`) REFERENCES `trial` (`trial_id`))
ERROR 1452 (23000): Cannot add or update a child row: a foreign key constraint fails (`bumto`.`score`, CONSTRAINT `score_ibfk_2` FOREIGN KEY (`trial_id`) REFERENCES `trial` (`trial_id`))
ERROR 1452 (23000): Cannot add or update a child row: a foreign key constraint fails (`bumto`.`score`, CONSTRAINT `score_ibfk_2` FOREIGN KEY (`trial_id`) REFERENCES `trial` (`trial_id`))
ERROR 1452 (23000): Cannot add or update a child row: a foreign key constraint fails (`bumto`.`score`, CONSTRAINT `score_ibfk_2` FOREIGN KEY (`trial_id`) REFERENCES `trial` (`trial_id`))
ERROR 1452 (23000): Cannot add or update a child row: a foreign key constraint fails (`bumto`.`score`, CONSTRAINT `score_ibfk_2` FOREIGN KEY (`trial_id`) REFERENCES `trial` (`trial_id`))
ERROR 1452 (23000): Cannot add or update a child row: a foreign key constraint fails (`bumto`.`score`, CONSTRAINT `score_ibfk_2` FOREIGN KEY (`trial_id`) REFERENCES `trial` (`trial_id`))
ERROR 1452 (23000): Cannot add or update a child row: a foreign key constraint fails (`bumto`.`score`, CONSTRAINT `score_ibfk_2` FOREIGN KEY (`trial_id`) REFERENCES `trial` (`trial_id`))
ERROR 1452 (23000): Cannot add or update a child row: a foreign key constraint fails (`bumto`.`score`, CONSTRAINT `score_ibfk_2` FOREIGN KEY (`trial_id`) REFERENCES `trial` (`trial_id`))
ERROR 1452 (23000): Cannot add or update a child row: a foreign key constraint fails (`bumto`.`score`, CONSTRAINT `score_ibfk_2` FOREIGN KEY (`trial_id`) REFERENCES `trial` (`trial_id`))
ERROR 1452 (23000): Cannot add or update a child row: a foreign key constraint fails (`bumto`.`score`, CONSTRAINT `score_ibfk_2` FOREIGN KEY (`trial_id`) REFERENCES `trial` (`trial_id`))
ERROR 1452 (23000): Cannot add or update a child row: a foreign key constraint fails (`bumto`.`score`, CONSTRAINT `score_ibfk_2` FOREIGN KEY (`trial_id`) REFERENCES `trial` (`trial_id`))
ERROR 1452 (23000): Cannot add or update a child row: a foreign key constraint fails (`bumto`.`score`, CONSTRAINT `score_ibfk_2` FOREIGN KEY (`trial_id`) REFERENCES `trial` (`trial_id`))
ERROR 1452 (23000): Cannot add or update a child row: a foreign key constraint fails (`bumto`.`score`, CONSTRAINT `score_ibfk_2` FOREIGN KEY (`trial_id`) REFERENCES `trial` (`trial_id`))
ERROR 1452 (23000): Cannot add or update a child row: a foreign key constraint fails (`bumto`.`score`, CONSTRAINT `score_ibfk_2` FOREIGN KEY (`trial_id`) REFERENCES `trial` (`trial_id`))
ERROR 1452 (23000): Cannot add or update a child row: a foreign key constraint fails (`bumto`.`score`, CONSTRAINT `score_ibfk_2` FOREIGN KEY (`trial_id`) REFERENCES `trial` (`trial_id`))
ERROR 1452 (23000): Cannot add or update a child row: a foreign key constraint fails (`bumto`.`score`, CONSTRAINT `score_ibfk_2` FOREIGN KEY (`trial_id`) REFERENCES `trial` (`trial_id`))
ERROR 1452 (23000): Cannot add or update a child row: a foreign key constraint fails (`bumto`.`score`, CONSTRAINT `score_ibfk_2` FOREIGN KEY (`trial_id`) REFERENCES `trial` (`trial_id`))
ERROR 1452 (23000): Cannot add or update a child row: a foreign key constraint fails (`bumto`.`score`, CONSTRAINT `score_ibfk_2` FOREIGN KEY (`trial_id`) REFERENCES `trial` (`trial_id`))
ERROR 1452 (23000): Cannot add or update a child row: a foreign key constraint fails (`bumto`.`score`, CONSTRAINT `score_ibfk_2` FOREIGN KEY (`trial_id`) REFERENCES `trial` (`trial_id`))
ERROR 1452 (23000): Cannot add or update a child row: a foreign key constraint fails (`bumto`.`score`, CONSTRAINT `score_ibfk_2` FOREIGN KEY (`trial_id`) REFERENCES `trial` (`trial_id`))
ERROR 1452 (23000): Cannot add or update a child row: a foreign key constraint fails (`bumto`.`score`, CONSTRAINT `score_ibfk_2` FOREIGN KEY (`trial_id`) REFERENCES `trial` (`trial_id`))
ERROR 1452 (23000): Cannot add or update a child row: a foreign key constraint fails (`bumto`.`score`, CONSTRAINT `score_ibfk_2` FOREIGN KEY (`trial_id`) REFERENCES `trial` (`trial_id`))
ERROR 1452 (23000): Cannot add or update a child row: a foreign key constraint fails (`bumto`.`score`, CONSTRAINT `score_ibfk_2` FOREIGN KEY (`trial_id`) REFERENCES `trial` (`trial_id`))
ERROR 1136 (21S01): Column count doesn't match value count at row 1
ERROR 1136 (21S01): Column count doesn't match value count at row 1
ERROR 1452 (23000): Cannot add or update a child row: a foreign key constraint fails (`bumto`.`score`, CONSTRAINT `score_ibfk_2` FOREIGN KEY (`trial_id`) REFERENCES `trial` (`trial_id`))
ERROR 1452 (23000): Cannot add or update a child row: a foreign key constraint fails (`bumto`.`score`, CONSTRAINT `score_ibfk_2` FOREIGN KEY (`trial_id`) REFERENCES `trial` (`trial_id`))
ERROR 1452 (23000): Cannot add or update a child row: a foreign key constraint fails (`bumto`.`score`, CONSTRAINT `score_ibfk_2` FOREIGN KEY (`trial_id`) REFERENCES `trial` (`trial_id`))
ERROR 1452 (23000): Cannot add or update a child row: a foreign key constraint fails (`bumto`.`score`, CONSTRAINT `score_ibfk_2` FOREIGN KEY (`trial_id`) REFERENCES `trial` (`trial_id`))
ERROR 1452 (23000): Cannot add or update a child row: a foreign key constraint fails (`bumto`.`score`, CONSTRAINT `score_ibfk_2` FOREIGN KEY (`trial_id`) REFERENCES `trial` (`trial_id`))
ERROR 1452 (23000): Cannot add or update a child row: a foreign key constraint fails (`bumto`.`score`, CONSTRAINT `score_ibfk_2` FOREIGN KEY (`trial_id`) REFERENCES `trial` (`trial_id`))
ERROR 1452 (23000): Cannot add or update a child row: a foreign key constraint fails (`bumto`.`score`, CONSTRAINT `score_ibfk_2` FOREIGN KEY (`trial_id`) REFERENCES `trial` (`trial_id`))
ERROR 1452 (23000): Cannot add or update a child row: a foreign key constraint fails (`bumto`.`score`, CONSTRAINT `score_ibfk_2` FOREIGN KEY (`trial_id`) REFERENCES `trial` (`trial_id`))
ERROR 1452 (23000): Cannot add or update a child row: a foreign key constraint fails (`bumto`.`score`, CONSTRAINT `score_ibfk_2` FOREIGN KEY (`trial_id`) REFERENCES `trial` (`trial_id`))
ERROR 1452 (23000): Cannot add or update a child row: a foreign key constraint fails (`bumto`.`score`, CONSTRAINT `score_ibfk_2` FOREIGN KEY (`trial_id`) REFERENCES `trial` (`trial_id`))
ERROR 1452 (23000): Cannot add or update a child row: a foreign key constraint fails (`bumto`.`score`, CONSTRAINT `score_ibfk_2` FOREIGN KEY (`trial_id`) REFERENCES `trial` (`trial_id`))
ERROR 1452 (23000): Cannot add or update a child row: a foreign key constraint fails (`bumto`.`score`, CONSTRAINT `score_ibfk_2` FOREIGN KEY (`trial_id`) REFERENCES `trial` (`trial_id`))
Query OK, 1 row affected (0.00 sec)

Query OK, 1 row affected (0.00 sec)

Query OK, 1 row affected (0.00 sec)

Query OK, 1 row affected (0.00 sec)

Query OK, 1 row affected (0.00 sec)

Query OK, 1 row affected (0.00 sec)

ERROR 1452 (23000): Cannot add or update a child row: a foreign key constraint fails (`bumto`.`member`, CONSTRAINT `member_ibfk_1` FOREIGN KEY (`team_id`) REFERENCES `team` (`team_id`))
ERROR 1452 (23000): Cannot add or update a child row: a foreign key constraint fails (`bumto`.`member`, CONSTRAINT `member_ibfk_1` FOREIGN KEY (`team_id`) REFERENCES `team` (`team_id`))
ERROR 1452 (23000): Cannot add or update a child row: a foreign key constraint fails (`bumto`.`member`, CONSTRAINT `member_ibfk_1` FOREIGN KEY (`team_id`) REFERENCES `team` (`team_id`))
ERROR 1452 (23000): Cannot add or update a child row: a foreign key constraint fails (`bumto`.`member`, CONSTRAINT `member_ibfk_1` FOREIGN KEY (`team_id`) REFERENCES `team` (`team_id`))
ERROR 1452 (23000): Cannot add or update a child row: a foreign key constraint fails (`bumto`.`member`, CONSTRAINT `member_ibfk_1` FOREIGN KEY (`team_id`) REFERENCES `team` (`team_id`))
ERROR 1452 (23000): Cannot add or update a child row: a foreign key constraint fails (`bumto`.`member`, CONSTRAINT `member_ibfk_1` FOREIGN KEY (`team_id`) REFERENCES `team` (`team_id`))
mysql> source schema.sql
ERROR 1007 (HY000): Can't create database 'bumto'; database exists
Database changed
Query OK, 0 rows affected (0.00 sec)

Query OK, 0 rows affected (0.00 sec)

Query OK, 0 rows affected (0.01 sec)

Query OK, 0 rows affected (0.00 sec)

Query OK, 0 rows affected (0.00 sec)

Query OK, 0 rows affected (0.00 sec)

Query OK, 0 rows affected (0.01 sec)

Query OK, 0 rows affected (0.00 sec)

Query OK, 0 rows affected (0.00 sec)

Query OK, 0 rows affected (0.02 sec)

Query OK, 0 rows affected (0.01 sec)

Query OK, 0 rows affected (0.02 sec)

Query OK, 0 rows affected (0.02 sec)

Query OK, 0 rows affected (0.01 sec)

Query OK, 0 rows affected (0.02 sec)

Query OK, 0 rows affected (0.02 sec)

Query OK, 0 rows affected (0.02 sec)

Query OK, 0 rows affected (0.01 sec)

mysql> source insertions1.sql;
Query OK, 1 row affected (0.00 sec)

Query OK, 1 row affected (0.00 sec)

Query OK, 1 row affected (0.00 sec)

Query OK, 1 row affected (0.00 sec)

Query OK, 1 row affected (0.00 sec)

Query OK, 1 row affected (0.00 sec)

Query OK, 1 row affected (0.00 sec)

Query OK, 1 row affected (0.01 sec)

Query OK, 1 row affected (0.00 sec)

Query OK, 1 row affected (0.00 sec)

Query OK, 1 row affected (0.00 sec)

Query OK, 1 row affected (0.00 sec)

Query OK, 1 row affected (0.00 sec)

Query OK, 1 row affected (0.00 sec)

Query OK, 1 row affected (0.00 sec)

Query OK, 1 row affected (0.00 sec)

Query OK, 1 row affected (0.01 sec)

ERROR 1064 (42000): You have an error in your SQL syntax; check the manual that corresponds to your MySQL server version for the right syntax to use near 'INSERT INTO judge(judge_name) VALUES ('Kevin Keller')' at line 2
Query OK, 1 row affected (0.00 sec)

Query OK, 1 row affected (0.00 sec)

ERROR 1452 (23000): Cannot add or update a child row: a foreign key constraint fails (`bumto`.`trial`, CONSTRAINT `trial_ibfk_1` FOREIGN KEY (`plaintiff_id`) REFERENCES `team` (`team_id`))
ERROR 1452 (23000): Cannot add or update a child row: a foreign key constraint fails (`bumto`.`score`, CONSTRAINT `score_ibfk_2` FOREIGN KEY (`trial_id`) REFERENCES `trial` (`trial_id`))
ERROR 1452 (23000): Cannot add or update a child row: a foreign key constraint fails (`bumto`.`score`, CONSTRAINT `score_ibfk_2` FOREIGN KEY (`trial_id`) REFERENCES `trial` (`trial_id`))
ERROR 1452 (23000): Cannot add or update a child row: a foreign key constraint fails (`bumto`.`score`, CONSTRAINT `score_ibfk_2` FOREIGN KEY (`trial_id`) REFERENCES `trial` (`trial_id`))
ERROR 1452 (23000): Cannot add or update a child row: a foreign key constraint fails (`bumto`.`score`, CONSTRAINT `score_ibfk_2` FOREIGN KEY (`trial_id`) REFERENCES `trial` (`trial_id`))
ERROR 1452 (23000): Cannot add or update a child row: a foreign key constraint fails (`bumto`.`score`, CONSTRAINT `score_ibfk_2` FOREIGN KEY (`trial_id`) REFERENCES `trial` (`trial_id`))
ERROR 1452 (23000): Cannot add or update a child row: a foreign key constraint fails (`bumto`.`score`, CONSTRAINT `score_ibfk_2` FOREIGN KEY (`trial_id`) REFERENCES `trial` (`trial_id`))
ERROR 1452 (23000): Cannot add or update a child row: a foreign key constraint fails (`bumto`.`score`, CONSTRAINT `score_ibfk_2` FOREIGN KEY (`trial_id`) REFERENCES `trial` (`trial_id`))
ERROR 1452 (23000): Cannot add or update a child row: a foreign key constraint fails (`bumto`.`score`, CONSTRAINT `score_ibfk_2` FOREIGN KEY (`trial_id`) REFERENCES `trial` (`trial_id`))
ERROR 1452 (23000): Cannot add or update a child row: a foreign key constraint fails (`bumto`.`score`, CONSTRAINT `score_ibfk_2` FOREIGN KEY (`trial_id`) REFERENCES `trial` (`trial_id`))
ERROR 1452 (23000): Cannot add or update a child row: a foreign key constraint fails (`bumto`.`score`, CONSTRAINT `score_ibfk_2` FOREIGN KEY (`trial_id`) REFERENCES `trial` (`trial_id`))
ERROR 1452 (23000): Cannot add or update a child row: a foreign key constraint fails (`bumto`.`score`, CONSTRAINT `score_ibfk_2` FOREIGN KEY (`trial_id`) REFERENCES `trial` (`trial_id`))
ERROR 1452 (23000): Cannot add or update a child row: a foreign key constraint fails (`bumto`.`score`, CONSTRAINT `score_ibfk_2` FOREIGN KEY (`trial_id`) REFERENCES `trial` (`trial_id`))
ERROR 1452 (23000): Cannot add or update a child row: a foreign key constraint fails (`bumto`.`score`, CONSTRAINT `score_ibfk_2` FOREIGN KEY (`trial_id`) REFERENCES `trial` (`trial_id`))
ERROR 1452 (23000): Cannot add or update a child row: a foreign key constraint fails (`bumto`.`score`, CONSTRAINT `score_ibfk_2` FOREIGN KEY (`trial_id`) REFERENCES `trial` (`trial_id`))
ERROR 1136 (21S01): Column count doesn't match value count at row 1
ERROR 1136 (21S01): Column count doesn't match value count at row 1
ERROR 1452 (23000): Cannot add or update a child row: a foreign key constraint fails (`bumto`.`score`, CONSTRAINT `score_ibfk_2` FOREIGN KEY (`trial_id`) REFERENCES `trial` (`trial_id`))
ERROR 1452 (23000): Cannot add or update a child row: a foreign key constraint fails (`bumto`.`score`, CONSTRAINT `score_ibfk_2` FOREIGN KEY (`trial_id`) REFERENCES `trial` (`trial_id`))
ERROR 1452 (23000): Cannot add or update a child row: a foreign key constraint fails (`bumto`.`score`, CONSTRAINT `score_ibfk_2` FOREIGN KEY (`trial_id`) REFERENCES `trial` (`trial_id`))
ERROR 1452 (23000): Cannot add or update a child row: a foreign key constraint fails (`bumto`.`score`, CONSTRAINT `score_ibfk_2` FOREIGN KEY (`trial_id`) REFERENCES `trial` (`trial_id`))
ERROR 1452 (23000): Cannot add or update a child row: a foreign key constraint fails (`bumto`.`score`, CONSTRAINT `score_ibfk_2` FOREIGN KEY (`trial_id`) REFERENCES `trial` (`trial_id`))
ERROR 1452 (23000): Cannot add or update a child row: a foreign key constraint fails (`bumto`.`score`, CONSTRAINT `score_ibfk_2` FOREIGN KEY (`trial_id`) REFERENCES `trial` (`trial_id`))
ERROR 1452 (23000): Cannot add or update a child row: a foreign key constraint fails (`bumto`.`score`, CONSTRAINT `score_ibfk_2` FOREIGN KEY (`trial_id`) REFERENCES `trial` (`trial_id`))
ERROR 1452 (23000): Cannot add or update a child row: a foreign key constraint fails (`bumto`.`score`, CONSTRAINT `score_ibfk_2` FOREIGN KEY (`trial_id`) REFERENCES `trial` (`trial_id`))
ERROR 1452 (23000): Cannot add or update a child row: a foreign key constraint fails (`bumto`.`score`, CONSTRAINT `score_ibfk_2` FOREIGN KEY (`trial_id`) REFERENCES `trial` (`trial_id`))
ERROR 1452 (23000): Cannot add or update a child row: a foreign key constraint fails (`bumto`.`score`, CONSTRAINT `score_ibfk_2` FOREIGN KEY (`trial_id`) REFERENCES `trial` (`trial_id`))
ERROR 1452 (23000): Cannot add or update a child row: a foreign key constraint fails (`bumto`.`score`, CONSTRAINT `score_ibfk_2` FOREIGN KEY (`trial_id`) REFERENCES `trial` (`trial_id`))
ERROR 1452 (23000): Cannot add or update a child row: a foreign key constraint fails (`bumto`.`score`, CONSTRAINT `score_ibfk_2` FOREIGN KEY (`trial_id`) REFERENCES `trial` (`trial_id`))
ERROR 1452 (23000): Cannot add or update a child row: a foreign key constraint fails (`bumto`.`score`, CONSTRAINT `score_ibfk_2` FOREIGN KEY (`trial_id`) REFERENCES `trial` (`trial_id`))
ERROR 1452 (23000): Cannot add or update a child row: a foreign key constraint fails (`bumto`.`score`, CONSTRAINT `score_ibfk_2` FOREIGN KEY (`trial_id`) REFERENCES `trial` (`trial_id`))
ERROR 1452 (23000): Cannot add or update a child row: a foreign key constraint fails (`bumto`.`score`, CONSTRAINT `score_ibfk_2` FOREIGN KEY (`trial_id`) REFERENCES `trial` (`trial_id`))
ERROR 1452 (23000): Cannot add or update a child row: a foreign key constraint fails (`bumto`.`score`, CONSTRAINT `score_ibfk_2` FOREIGN KEY (`trial_id`) REFERENCES `trial` (`trial_id`))
ERROR 1452 (23000): Cannot add or update a child row: a foreign key constraint fails (`bumto`.`score`, CONSTRAINT `score_ibfk_2` FOREIGN KEY (`trial_id`) REFERENCES `trial` (`trial_id`))
ERROR 1452 (23000): Cannot add or update a child row: a foreign key constraint fails (`bumto`.`score`, CONSTRAINT `score_ibfk_2` FOREIGN KEY (`trial_id`) REFERENCES `trial` (`trial_id`))
ERROR 1452 (23000): Cannot add or update a child row: a foreign key constraint fails (`bumto`.`score`, CONSTRAINT `score_ibfk_2` FOREIGN KEY (`trial_id`) REFERENCES `trial` (`trial_id`))
ERROR 1452 (23000): Cannot add or update a child row: a foreign key constraint fails (`bumto`.`score`, CONSTRAINT `score_ibfk_2` FOREIGN KEY (`trial_id`) REFERENCES `trial` (`trial_id`))
ERROR 1452 (23000): Cannot add or update a child row: a foreign key constraint fails (`bumto`.`score`, CONSTRAINT `score_ibfk_2` FOREIGN KEY (`trial_id`) REFERENCES `trial` (`trial_id`))
ERROR 1452 (23000): Cannot add or update a child row: a foreign key constraint fails (`bumto`.`score`, CONSTRAINT `score_ibfk_2` FOREIGN KEY (`trial_id`) REFERENCES `trial` (`trial_id`))
ERROR 1452 (23000): Cannot add or update a child row: a foreign key constraint fails (`bumto`.`score`, CONSTRAINT `score_ibfk_2` FOREIGN KEY (`trial_id`) REFERENCES `trial` (`trial_id`))
ERROR 1452 (23000): Cannot add or update a child row: a foreign key constraint fails (`bumto`.`score`, CONSTRAINT `score_ibfk_2` FOREIGN KEY (`trial_id`) REFERENCES `trial` (`trial_id`))
ERROR 1452 (23000): Cannot add or update a child row: a foreign key constraint fails (`bumto`.`score`, CONSTRAINT `score_ibfk_2` FOREIGN KEY (`trial_id`) REFERENCES `trial` (`trial_id`))
ERROR 1452 (23000): Cannot add or update a child row: a foreign key constraint fails (`bumto`.`score`, CONSTRAINT `score_ibfk_2` FOREIGN KEY (`trial_id`) REFERENCES `trial` (`trial_id`))
ERROR 1136 (21S01): Column count doesn't match value count at row 1
ERROR 1136 (21S01): Column count doesn't match value count at row 1
ERROR 1452 (23000): Cannot add or update a child row: a foreign key constraint fails (`bumto`.`score`, CONSTRAINT `score_ibfk_2` FOREIGN KEY (`trial_id`) REFERENCES `trial` (`trial_id`))
ERROR 1452 (23000): Cannot add or update a child row: a foreign key constraint fails (`bumto`.`score`, CONSTRAINT `score_ibfk_2` FOREIGN KEY (`trial_id`) REFERENCES `trial` (`trial_id`))
ERROR 1452 (23000): Cannot add or update a child row: a foreign key constraint fails (`bumto`.`score`, CONSTRAINT `score_ibfk_2` FOREIGN KEY (`trial_id`) REFERENCES `trial` (`trial_id`))
ERROR 1452 (23000): Cannot add or update a child row: a foreign key constraint fails (`bumto`.`score`, CONSTRAINT `score_ibfk_2` FOREIGN KEY (`trial_id`) REFERENCES `trial` (`trial_id`))
ERROR 1452 (23000): Cannot add or update a child row: a foreign key constraint fails (`bumto`.`score`, CONSTRAINT `score_ibfk_2` FOREIGN KEY (`trial_id`) REFERENCES `trial` (`trial_id`))
ERROR 1452 (23000): Cannot add or update a child row: a foreign key constraint fails (`bumto`.`score`, CONSTRAINT `score_ibfk_2` FOREIGN KEY (`trial_id`) REFERENCES `trial` (`trial_id`))
ERROR 1452 (23000): Cannot add or update a child row: a foreign key constraint fails (`bumto`.`score`, CONSTRAINT `score_ibfk_2` FOREIGN KEY (`trial_id`) REFERENCES `trial` (`trial_id`))
ERROR 1452 (23000): Cannot add or update a child row: a foreign key constraint fails (`bumto`.`score`, CONSTRAINT `score_ibfk_2` FOREIGN KEY (`trial_id`) REFERENCES `trial` (`trial_id`))
ERROR 1452 (23000): Cannot add or update a child row: a foreign key constraint fails (`bumto`.`score`, CONSTRAINT `score_ibfk_2` FOREIGN KEY (`trial_id`) REFERENCES `trial` (`trial_id`))
ERROR 1452 (23000): Cannot add or update a child row: a foreign key constraint fails (`bumto`.`score`, CONSTRAINT `score_ibfk_2` FOREIGN KEY (`trial_id`) REFERENCES `trial` (`trial_id`))
ERROR 1452 (23000): Cannot add or update a child row: a foreign key constraint fails (`bumto`.`score`, CONSTRAINT `score_ibfk_2` FOREIGN KEY (`trial_id`) REFERENCES `trial` (`trial_id`))
ERROR 1452 (23000): Cannot add or update a child row: a foreign key constraint fails (`bumto`.`score`, CONSTRAINT `score_ibfk_2` FOREIGN KEY (`trial_id`) REFERENCES `trial` (`trial_id`))
Query OK, 1 row affected (0.00 sec)

Query OK, 1 row affected (0.00 sec)

Query OK, 1 row affected (0.00 sec)

Query OK, 1 row affected (0.00 sec)

Query OK, 1 row affected (0.00 sec)

Query OK, 1 row affected (0.00 sec)

ERROR 1452 (23000): Cannot add or update a child row: a foreign key constraint fails (`bumto`.`member`, CONSTRAINT `member_ibfk_1` FOREIGN KEY (`team_id`) REFERENCES `team` (`team_id`))
ERROR 1452 (23000): Cannot add or update a child row: a foreign key constraint fails (`bumto`.`member`, CONSTRAINT `member_ibfk_1` FOREIGN KEY (`team_id`) REFERENCES `team` (`team_id`))
ERROR 1452 (23000): Cannot add or update a child row: a foreign key constraint fails (`bumto`.`member`, CONSTRAINT `member_ibfk_1` FOREIGN KEY (`team_id`) REFERENCES `team` (`team_id`))
ERROR 1452 (23000): Cannot add or update a child row: a foreign key constraint fails (`bumto`.`member`, CONSTRAINT `member_ibfk_1` FOREIGN KEY (`team_id`) REFERENCES `team` (`team_id`))
ERROR 1452 (23000): Cannot add or update a child row: a foreign key constraint fails (`bumto`.`member`, CONSTRAINT `member_ibfk_1` FOREIGN KEY (`team_id`) REFERENCES `team` (`team_id`))
ERROR 1452 (23000): Cannot add or update a child row: a foreign key constraint fails (`bumto`.`member`, CONSTRAINT `member_ibfk_1` FOREIGN KEY (`team_id`) REFERENCES `team` (`team_id`))
mysql> source schema.sql
ERROR 1007 (HY000): Can't create database 'bumto'; database exists
Database changed
Query OK, 0 rows affected (0.00 sec)

Query OK, 0 rows affected (0.00 sec)

Query OK, 0 rows affected (0.01 sec)

Query OK, 0 rows affected (0.00 sec)

Query OK, 0 rows affected (0.00 sec)

Query OK, 0 rows affected (0.00 sec)

Query OK, 0 rows affected (0.01 sec)

Query OK, 0 rows affected (0.00 sec)

Query OK, 0 rows affected (0.00 sec)

Query OK, 0 rows affected (0.01 sec)

Query OK, 0 rows affected (0.02 sec)

Query OK, 0 rows affected (0.02 sec)

Query OK, 0 rows affected (0.02 sec)

Query OK, 0 rows affected (0.01 sec)

Query OK, 0 rows affected (0.02 sec)

Query OK, 0 rows affected (0.01 sec)

Query OK, 0 rows affected (0.02 sec)

Query OK, 0 rows affected (0.02 sec)

mysql> source insertions1.sql;
Query OK, 1 row affected (0.00 sec)

Query OK, 1 row affected (0.00 sec)

Query OK, 1 row affected (0.00 sec)

Query OK, 1 row affected (0.01 sec)

Query OK, 1 row affected (0.00 sec)

Query OK, 1 row affected (0.00 sec)

Query OK, 1 row affected (0.00 sec)

Query OK, 1 row affected (0.00 sec)

Query OK, 1 row affected (0.00 sec)

Query OK, 1 row affected (0.00 sec)

Query OK, 1 row affected (0.00 sec)

Query OK, 1 row affected (0.00 sec)

Query OK, 1 row affected (0.00 sec)

Query OK, 1 row affected (0.01 sec)

Query OK, 1 row affected (0.00 sec)

Query OK, 1 row affected (0.00 sec)

Query OK, 1 row affected (0.00 sec)

Query OK, 1 row affected (0.00 sec)

Query OK, 1 row affected (0.00 sec)

Query OK, 1 row affected (0.00 sec)

Query OK, 1 row affected (0.00 sec)

Query OK, 1 row affected (0.00 sec)

Query OK, 1 row affected (0.00 sec)

Query OK, 1 row affected (0.00 sec)

Query OK, 1 row affected (0.01 sec)

Query OK, 1 row affected (0.00 sec)

Query OK, 1 row affected (0.00 sec)

Query OK, 1 row affected (0.00 sec)

Query OK, 1 row affected (0.00 sec)

Query OK, 1 row affected (0.00 sec)

Query OK, 1 row affected (0.00 sec)

Query OK, 1 row affected (0.00 sec)

Query OK, 1 row affected (0.00 sec)

Query OK, 1 row affected (0.00 sec)

Query OK, 1 row affected (0.00 sec)

Query OK, 1 row affected (0.00 sec)

ERROR 1136 (21S01): Column count doesn't match value count at row 1
ERROR 1136 (21S01): Column count doesn't match value count at row 1
Query OK, 1 row affected (0.00 sec)

Query OK, 1 row affected (0.00 sec)

Query OK, 1 row affected (0.00 sec)

Query OK, 1 row affected (0.01 sec)

Query OK, 1 row affected (0.00 sec)

Query OK, 1 row affected (0.00 sec)

Query OK, 1 row affected (0.00 sec)

Query OK, 1 row affected (0.00 sec)

Query OK, 1 row affected (0.00 sec)

Query OK, 1 row affected (0.00 sec)

Query OK, 1 row affected (0.00 sec)

Query OK, 1 row affected (0.00 sec)

Query OK, 1 row affected (0.00 sec)

Query OK, 1 row affected (0.00 sec)

Query OK, 1 row affected (0.00 sec)

Query OK, 1 row affected (0.00 sec)

Query OK, 1 row affected (0.00 sec)

Query OK, 1 row affected (0.00 sec)

Query OK, 1 row affected (0.00 sec)

Query OK, 1 row affected (0.01 sec)

Query OK, 1 row affected (0.00 sec)

Query OK, 1 row affected (0.00 sec)

Query OK, 1 row affected (0.00 sec)

Query OK, 1 row affected (0.00 sec)

Query OK, 1 row affected (0.00 sec)

Query OK, 1 row affected (0.00 sec)

ERROR 1136 (21S01): Column count doesn't match value count at row 1
ERROR 1136 (21S01): Column count doesn't match value count at row 1
Query OK, 1 row affected (0.00 sec)

Query OK, 1 row affected (0.00 sec)

Query OK, 1 row affected (0.00 sec)

Query OK, 1 row affected (0.00 sec)

Query OK, 1 row affected (0.00 sec)

Query OK, 1 row affected (0.00 sec)

Query OK, 1 row affected (0.00 sec)

Query OK, 1 row affected (0.00 sec)

Query OK, 1 row affected (0.01 sec)

Query OK, 1 row affected (0.00 sec)

Query OK, 1 row affected (0.00 sec)

Query OK, 1 row affected (0.00 sec)

Query OK, 1 row affected (0.00 sec)

Query OK, 1 row affected (0.00 sec)

Query OK, 1 row affected (0.00 sec)

Query OK, 1 row affected (0.00 sec)

Query OK, 1 row affected (0.00 sec)

Query OK, 1 row affected (0.00 sec)

Query OK, 1 row affected (0.00 sec)

Query OK, 1 row affected (0.00 sec)

Query OK, 1 row affected (0.00 sec)

Query OK, 1 row affected (0.00 sec)

Query OK, 1 row affected (0.00 sec)

Query OK, 1 row affected (0.00 sec)

mysql> source schema.sql
ERROR 1007 (HY000): Can't create database 'bumto'; database exists
Database changed
Query OK, 0 rows affected (0.00 sec)

Query OK, 0 rows affected (0.01 sec)

Query OK, 0 rows affected (0.00 sec)

Query OK, 0 rows affected (0.01 sec)

Query OK, 0 rows affected (0.00 sec)

Query OK, 0 rows affected (0.00 sec)

Query OK, 0 rows affected (0.00 sec)

Query OK, 0 rows affected (0.01 sec)

Query OK, 0 rows affected (0.00 sec)

Query OK, 0 rows affected (0.01 sec)

Query OK, 0 rows affected (0.02 sec)

Query OK, 0 rows affected (0.01 sec)

Query OK, 0 rows affected (0.02 sec)

Query OK, 0 rows affected (0.02 sec)

Query OK, 0 rows affected (0.01 sec)

Query OK, 0 rows affected (0.02 sec)

Query OK, 0 rows affected (0.02 sec)

Query OK, 0 rows affected (0.01 sec)

mysql> source insertions1.sql;
Query OK, 1 row affected (0.00 sec)

Query OK, 1 row affected (0.00 sec)

Query OK, 1 row affected (0.00 sec)

Query OK, 1 row affected (0.00 sec)

Query OK, 1 row affected (0.00 sec)

Query OK, 1 row affected (0.00 sec)

Query OK, 1 row affected (0.00 sec)

Query OK, 1 row affected (0.00 sec)

Query OK, 1 row affected (0.00 sec)

Query OK, 1 row affected (0.01 sec)

Query OK, 1 row affected (0.00 sec)

Query OK, 1 row affected (0.00 sec)

Query OK, 1 row affected (0.00 sec)

Query OK, 1 row affected (0.00 sec)

Query OK, 1 row affected (0.00 sec)

Query OK, 1 row affected (0.00 sec)

Query OK, 1 row affected (0.00 sec)

Query OK, 1 row affected (0.00 sec)

Query OK, 1 row affected (0.00 sec)

Query OK, 1 row affected (0.01 sec)

Query OK, 1 row affected (0.00 sec)

Query OK, 1 row affected (0.00 sec)

Query OK, 1 row affected (0.00 sec)

Query OK, 1 row affected (0.00 sec)

Query OK, 1 row affected (0.00 sec)

Query OK, 1 row affected (0.00 sec)

Query OK, 1 row affected (0.00 sec)

Query OK, 1 row affected (0.00 sec)

Query OK, 1 row affected (0.00 sec)

Query OK, 1 row affected (0.00 sec)

Query OK, 1 row affected (0.00 sec)

Query OK, 1 row affected (0.00 sec)

Query OK, 1 row affected (0.00 sec)

Query OK, 1 row affected (0.00 sec)

Query OK, 1 row affected (0.01 sec)

Query OK, 1 row affected (0.00 sec)

Query OK, 1 row affected (0.00 sec)

Query OK, 1 row affected (0.00 sec)

Query OK, 1 row affected (0.00 sec)

Query OK, 1 row affected (0.00 sec)

Query OK, 1 row affected (0.00 sec)

Query OK, 1 row affected (0.00 sec)

Query OK, 1 row affected (0.00 sec)

Query OK, 1 row affected (0.00 sec)

Query OK, 1 row affected (0.00 sec)

Query OK, 1 row affected (0.00 sec)

Query OK, 1 row affected (0.01 sec)

Query OK, 1 row affected (0.00 sec)

Query OK, 1 row affected (0.00 sec)

Query OK, 1 row affected (0.00 sec)

Query OK, 1 row affected (0.00 sec)

Query OK, 1 row affected (0.00 sec)

Query OK, 1 row affected (0.00 sec)

Query OK, 1 row affected (0.00 sec)

Query OK, 1 row affected (0.00 sec)

Query OK, 1 row affected (0.00 sec)

Query OK, 1 row affected (0.00 sec)

Query OK, 1 row affected (0.00 sec)

Query OK, 1 row affected (0.00 sec)

Query OK, 1 row affected (0.00 sec)

Query OK, 1 row affected (0.01 sec)

Query OK, 1 row affected (0.00 sec)

Query OK, 1 row affected (0.00 sec)

Query OK, 1 row affected (0.00 sec)

Query OK, 1 row affected (0.00 sec)

Query OK, 1 row affected (0.00 sec)

Query OK, 1 row affected (0.00 sec)

Query OK, 1 row affected (0.00 sec)

Query OK, 1 row affected (0.00 sec)

Query OK, 1 row affected (0.00 sec)

Query OK, 1 row affected (0.00 sec)

Query OK, 1 row affected (0.00 sec)

Query OK, 1 row affected (0.00 sec)

Query OK, 1 row affected (0.00 sec)

Query OK, 1 row affected (0.00 sec)

Query OK, 1 row affected (0.00 sec)

Query OK, 1 row affected (0.00 sec)

Query OK, 1 row affected (0.00 sec)

Query OK, 1 row affected (0.01 sec)

Query OK, 1 row affected (0.00 sec)

Query OK, 1 row affected (0.00 sec)

Query OK, 1 row affected (0.00 sec)

Query OK, 1 row affected (0.00 sec)

Query OK, 1 row affected (0.00 sec)

Query OK, 1 row affected (0.00 sec)

Query OK, 1 row affected (0.00 sec)

Query OK, 1 row affected (0.00 sec)

Query OK, 1 row affected (0.00 sec)

Query OK, 1 row affected (0.00 sec)

Query OK, 1 row affected (0.00 sec)

mysql> show tables
    -> ;
+-----------------+
| Tables_in_bumto |
+-----------------+
| comment         |
| competitor      |
| judge           |
| member          |
| school          |
| score           |
| team            |
| tournament      |
| trial           |
+-----------------+
9 rows in set (0.00 sec)

mysql> select * from competitor;
+------------+-----------------------+-----------+-----------+
| student_id | student_name          | school_id | grad_year |
+------------+-----------------------+-----------+-----------+
|          1 | Lydia Culp            |         2 |      NULL |
|          2 | Jacqueline Rayfield   |         1 |      2020 |
|          3 | Vincent Kappel        |         2 |      NULL |
|          4 | Danielle Rybinski     |         2 |      NULL |
|          5 | Christopher Alexander |         1 |      2020 |
|          6 | Carly Campbell        |         2 |      NULL |
|          7 | Nilofar Rahimzadeh    |         2 |      NULL |
|          8 | Jacob Herman          |         2 |      NULL |
|          9 | Mary Cao              |         1 |      2018 |
|         10 | Justin Leszczynski    |         1 |      2020 |
|         11 | Kaitlyn Gibson        |         1 |      2020 |
|         12 | Kyle Bechet           |         1 |      2018 |
+------------+-----------------------+-----------+-----------+
12 rows in set (0.00 sec)

mysql> select C.student_name, S.score
    -> from competitor 
    -> C, score S
    -> where S.student_id = C.student_id;
+-----------------------+-------+
| student_name          | score |
+-----------------------+-------+
| Lydia Culp            |     7 |
| Lydia Culp            |     8 |
| Lydia Culp            |     7 |
| Lydia Culp            |     9 |
| Lydia Culp            |     7 |
| Lydia Culp            |     9 |
| Jacqueline Rayfield   |     8 |
| Jacqueline Rayfield   |     8 |
| Jacqueline Rayfield   |     8 |
| Jacqueline Rayfield   |     9 |
| Jacqueline Rayfield   |     7 |
| Jacqueline Rayfield   |     9 |
| Vincent Kappel        |     8 |
| Vincent Kappel        |     9 |
| Vincent Kappel        |     7 |
| Vincent Kappel        |     8 |
| Vincent Kappel        |     8 |
| Vincent Kappel        |    10 |
| Danielle Rybinski     |     7 |
| Danielle Rybinski     |    10 |
| Danielle Rybinski     |     7 |
| Danielle Rybinski     |     9 |
| Christopher Alexander |     6 |
| Christopher Alexander |     8 |
| Christopher Alexander |     6 |
| Christopher Alexander |     9 |
| Carly Campbell        |     6 |
| Carly Campbell        |     8 |
| Carly Campbell        |     5 |
| Carly Campbell        |     7 |
| Nilofar Rahimzadeh    |     5 |
| Nilofar Rahimzadeh    |     8 |
| Nilofar Rahimzadeh    |     6 |
| Nilofar Rahimzadeh    |     9 |
| Jacob Herman          |     8 |
| Jacob Herman          |     8 |
| Jacob Herman          |     7 |
| Jacob Herman          |     8 |
| Mary Cao              |     7 |
| Mary Cao              |     8 |
| Mary Cao              |     7 |
| Mary Cao              |     9 |
| Mary Cao              |     7 |
| Mary Cao              |     8 |
| Justin Leszczynski    |     7 |
| Justin Leszczynski    |     8 |
| Justin Leszczynski    |     7 |
| Justin Leszczynski    |     9 |
| Kaitlyn Gibson        |     7 |
| Kaitlyn Gibson        |     8 |
| Kaitlyn Gibson        |     8 |
| Kaitlyn Gibson        |     9 |
| Kyle Bechet           |     7 |
| Kyle Bechet           |     9 |
| Kyle Bechet           |     7 |
| Kyle Bechet           |     8 |
+-----------------------+-------+
56 rows in set (0.01 sec)

mysql> select C.student_name, from competitor  C, team T, member M, school S where S.school_name = 'Boston University' and S.school_id = T.school_id and T.team_id = M.team_id and M.student_id = C.student_id;
ERROR 1064 (42000): You have an error in your SQL syntax; check the manual that corresponds to your MySQL server version for the right syntax to use near 'from competitor  C, team T, member M, school S where S.school_name = 'Boston Uni' at line 1
mysql> select C.student_name from competitor  C, team T, member M, school S where S.school_name = 'Boston University' and S.school_id = T.school_id and T.team_id = M.team_id and M.student_id = C.student_id;
+-----------------------+
| student_name          |
+-----------------------+
| Jacqueline Rayfield   |
| Christopher Alexander |
| Mary Cao              |
| Justin Leszczynski    |
| Kaitlyn Gibson        |
| Kyle Bechet           |
+-----------------------+
6 rows in set (0.01 sec)

mysql> select C.student_name, S.score 
    -> from competitor C, score S 
    -> where C.student_name = "Jacqueline Rayfield" and C.student_id = S.student_id;
+---------------------+-------+
| student_name        | score |
+---------------------+-------+
| Jacqueline Rayfield |     8 |
| Jacqueline Rayfield |     8 |
| Jacqueline Rayfield |     8 |
| Jacqueline Rayfield |     9 |
| Jacqueline Rayfield |     7 |
| Jacqueline Rayfield |     9 |
+---------------------+-------+
6 rows in set (0.00 sec)

mysql> select C.student_name, S.side, S.score, S.role, S.score_title
    -> from competitor C, score S
    -> where C.student_name = "Jacqueline Rayfield" and C.student_id = S.student_id;
+---------------------+------+-------+----------+-------------+
| student_name        | side | score | role     | score_title |
+---------------------+------+-------+----------+-------------+
| Jacqueline Rayfield | D    |     8 | Attorney | Cross       |
| Jacqueline Rayfield | D    |     8 | Attorney | Cross       |
| Jacqueline Rayfield | D    |     8 | Attorney | Direct      |
| Jacqueline Rayfield | D    |     9 | Attorney | Direct      |
| Jacqueline Rayfield | D    |     7 | Attorney | Opening     |
| Jacqueline Rayfield | D    |     9 | Attorney | Opening     |
+---------------------+------+-------+----------+-------------+
6 rows in set (0.00 sec)

mysql> select C.student_name, S.side, S.score, S.role, S.score_title from competitor C, score S where C.student_name = "Jacqueline Rayfield" and C.student_id = S.student_id and S.side='D';
+---------------------+------+-------+----------+-------------+
| student_name        | side | score | role     | score_title |
+---------------------+------+-------+----------+-------------+
| Jacqueline Rayfield | D    |     8 | Attorney | Cross       |
| Jacqueline Rayfield | D    |     8 | Attorney | Cross       |
| Jacqueline Rayfield | D    |     8 | Attorney | Direct      |
| Jacqueline Rayfield | D    |     9 | Attorney | Direct      |
| Jacqueline Rayfield | D    |     7 | Attorney | Opening     |
| Jacqueline Rayfield | D    |     9 | Attorney | Opening     |
+---------------------+------+-------+----------+-------------+
6 rows in set (0.00 sec)

mysql> select C.student_name, S.side, S.score, S.role, S.score_title from competitor C, score S where C.student_name = "Jacqueline Rayfield" and C.student_id = S.student_id and S.side='P';
Empty set (0.00 sec)

mysql> select C.student_name, S.side, S.score, S.role, S.score_title, S.witness from competitor C, score S where C.student_name = "Jacqueline Rayfield" and C.student_id = S.student_id and S.side='D';
+---------------------+------+-------+----------+-------------+-----------------+
| student_name        | side | score | role     | score_title | witness         |
+---------------------+------+-------+----------+-------------+-----------------+
| Jacqueline Rayfield | D    |     8 | Attorney | Cross       | Austin Perez    |
| Jacqueline Rayfield | D    |     8 | Attorney | Cross       | Austin Perez    |
| Jacqueline Rayfield | D    |     8 | Attorney | Direct      | Kirby Doolittle |
| Jacqueline Rayfield | D    |     9 | Attorney | Direct      | Kirby Doolittle |
| Jacqueline Rayfield | D    |     7 | Attorney | Opening     | NULL            |
| Jacqueline Rayfield | D    |     9 | Attorney | Opening     | NULL            |
+---------------------+------+-------+----------+-------------+-----------------+
6 rows in set (0.00 sec)

mysql> select C.student_name, S.side, S.score, S.role, S.score_title, S.witness from competitor C, score S where C.student_name = "Jacqueline Rayfield" and C.student_id = S.student_id and S.side='D'and S.witness != NULL;
Empty set (0.00 sec)

mysql> select C.student_name, S.side, S.score, S.role, S.score_title, S.witness from competitor C, score S where C.student_name = "Jacqueline Rayfield" and C.student_id = S.student_id and S.side='D'and S.witness is not NULL;
+---------------------+------+-------+----------+-------------+-----------------+
| student_name        | side | score | role     | score_title | witness         |
+---------------------+------+-------+----------+-------------+-----------------+
| Jacqueline Rayfield | D    |     8 | Attorney | Cross       | Austin Perez    |
| Jacqueline Rayfield | D    |     8 | Attorney | Cross       | Austin Perez    |
| Jacqueline Rayfield | D    |     8 | Attorney | Direct      | Kirby Doolittle |
| Jacqueline Rayfield | D    |     9 | Attorney | Direct      | Kirby Doolittle |
+---------------------+------+-------+----------+-------------+-----------------+
4 rows in set (0.00 sec)

mysql> select C.student_name, S.side, S.score, S.role, S.score_title, S.witness,J.judge_name from competitor C, score S, judge J where C.student_name = "Jacqueline Rayfield" and C.student_id = S.student_id and S.side='D'and S.witness is not NULL and S.judge_name = J.judge_name;
ERROR 1054 (42S22): Unknown column 'S.judge_name' in 'where clause'
mysql> select C.student_name, S.side, S.score, S.role, S.score_title, S.witness,J.judge_name from competitor C, score S, judge J where C.student_name = "Jacqueline Rayfield" and C.student_id = S.student_id and S.side='D'and S.witness is not NULL and S.judge_id = J.judge_id;
+---------------------+------+-------+----------+-------------+-----------------+------------------+
| student_name        | side | score | role     | score_title | witness         | judge_name       |
+---------------------+------+-------+----------+-------------+-----------------+------------------+
| Jacqueline Rayfield | D    |     8 | Attorney | Cross       | Austin Perez    | Kevin Keller     |
| Jacqueline Rayfield | D    |     8 | Attorney | Cross       | Austin Perez    | Lorenzo Cabantog |
| Jacqueline Rayfield | D    |     8 | Attorney | Direct      | Kirby Doolittle | Kevin Keller     |
| Jacqueline Rayfield | D    |     9 | Attorney | Direct      | Kirby Doolittle | Lorenzo Cabantog |
+---------------------+------+-------+----------+-------------+-----------------+------------------+
4 rows in set (0.00 sec)

mysql> 
